35.5331 	INFO 	Loaded monitor calibration from ['2025_08_12 09:39']
35.5485 	WARNING 	User requested fullscreen with size [1024  768], but screen is actually [1440, 900]. Using actual size
35.7521 	INFO 	Using renderer 'Apple M1' for graphics
35.7522 	INFO 	OpenGL version supported by driver is 2..
35.7784 	EXP 	Created window1 = Window(allowGUI=False, allowStencil=False, autoLog=True, backendConf=UNKNOWN, backgroundFit=<method-wrapper '__getattribute__' of attributeSetter object at 0x14c683010>, backgroundImage=<method-wrapper '__getattribute__' of attributeSetter object at 0x14c682fb0>, bitsMode=UNKNOWN, blendMode='avg', bpc=(8, 8, 8), color=array([0, 0, 0]), colorSpace='rgb', depthBits=8, fullscr=True, gamma=None, gammaErrorPolicy='raise', infoMsg=UNKNOWN, lms=UNKNOWN, monitor=<psychopy.monitors.calibTools.Monitor object at 0x14c5ba140>, multiSample=False, name='window1', numSamples=2, pos=[np.float64(0.0), np.float64(0.0)], screen=0, size=array([2880, 1800]), stencilBits=0, stereo=False, title='PsychoPy', units='height', useFBO=True, useRetina=True, viewOri=0.0, viewPos=None, viewScale=None, waitBlanking=True, winType='pyglet')
35.7785 	EXP 	window1: backgroundImage = ''
35.7785 	EXP 	window1: backgroundFit = 'none'
36.3364 	EXP 	window1: Attempting to measure frame rate of screen (0) ...
36.3364 	EXP 	window1: recordFrameIntervals = False
36.5373 	EXP 	window1: recordFrameIntervals = True
37.3707 	WARNING 	Couldn't measure a consistent frame rate!
  - Is your graphics card set to sync to vertical blank?
  - Are you running other processes on your computer?

38.5219 	INFO 	keyboard.Keyboard is using ptb backend.
38.8060 	INFO 	keyboard.Keyboard is using ptb backend.
38.8061 	EXP 	stroop_task: status = STARTED
38.8543 	EXP 	Created text_2 = TextStim(__class__=<class 'psychopy.visual.text.TextStim'>, alignHoriz=method-wrapper(...), alignText='center', alignVert=method-wrapper(...), anchorHoriz='center', anchorVert='center', antialias=True, autoDraw=False, autoLog=True, bold=False, color=array([1., 1., 1.]), colorSpace='rgb', contrast=1.0, depth=0.0, draggable=False, flipHoriz=False, flipVert=False, font='Arial', fontFiles=[], height=np.float64(0.05), italic=False, languageStyle='LTR', name='text_2', opacity=1, ori=0.0, pos=array([0., 0.]), rgb=UNKNOWN, text='Welcome', units='height', win=Window(...), wrapWidth=1)
38.8617 	EXP 	Created fixation = ShapeStim(__class__=<class 'psychopy.visual.shape.ShapeStim'>, anchor=('center', 'center'), autoDraw=False, autoLog=True, closeShape=True, color=method-wrapper(...), colorSpace='rgb', contrast=None, depth=0.0, draggable=False, fillColor=array([1, 1, 1]), fillColorSpace='rgb', fillRGB=array([1, 1, 1]), interpolate=True, lineColor=array([1., 1., 1.]), lineColorSpace='rgb', lineRGB=array([1, 1, 1]), lineWidth=1.0, name='fixation', opacity=1, ori=0.0, pos=array([0., 0.]), size=array([10., 10.]), units='pix', vertices=ndarray(...), win=Window(...), windingRule=None)
38.8625 	EXP 	Created text = TextStim(__class__=<class 'psychopy.visual.text.TextStim'>, alignHoriz=method-wrapper(...), alignText='center', alignVert=method-wrapper(...), anchorHoriz='center', anchorVert='center', antialias=True, autoDraw=False, autoLog=True, bold=False, color=array([1., 1., 1.]), colorSpace='rgb', contrast=1.0, depth=-1.0, draggable=False, flipHoriz=False, flipVert=False, font='Arial', fontFiles=[], height=0.05, italic=False, languageStyle='LTR', name='text', opacity=1, ori=0.0, pos=array([0., 0.]), rgb=UNKNOWN, text='', units='height', win=Window(...), wrapWidth=1)
38.8702 	EXP 	Created text_3 = TextStim(__class__=<class 'psychopy.visual.text.TextStim'>, alignHoriz=method-wrapper(...), alignText='center', alignVert=method-wrapper(...), anchorHoriz='center', anchorVert='center', antialias=True, autoDraw=False, autoLog=True, bold=False, color=array([1., 1., 1.]), colorSpace='rgb', contrast=1.0, depth=0.0, draggable=False, flipHoriz=False, flipVert=False, font='Arial', fontFiles=[], height=np.float64(0.05), italic=False, languageStyle='LTR', name='text_3', opacity=1, ori=0.0, pos=array([0., 0.]), rgb=UNKNOWN, text='Thank you!', units='height', win=Window(...), wrapWidth=1)
0.0191 	EXP 	text_2: autoDraw = True
1.0243 	EXP 	Imported conditions.xlsx as conditions, 4 conditions, 4 params
1.0261 	EXP 	New trial (rep=0, index=0): <Trial 0 (0 in rep 0) data={'word': 'BLUE', 'colour': 'blue', 'stim_condition': 'C', 'correct_res': 'b', 'thisN': 0, 'thisTrialN': 0, 'thisRepN': 0}>
1.0413 	WARNING 	t of last frame was 31.06ms (=1/32)
1.0413 	EXP 	text_2: autoDraw = False
1.0413 	EXP 	text: foreColor = <psychopy.colors.Color: blue, alpha=1.0>
1.0413 	EXP 	text: height = np.float64(0.05)
1.0413 	EXP 	text: height = np.float64(0.05)
1.0413 	EXP 	text: height = np.float64(0.05)
1.0413 	EXP 	text: text = 'BLUE'
1.0413 	EXP 	fixation: autoDraw = True
1.5021 	INFO 	Keyboard events cleared
1.5020 	EXP 	fixation: autoDraw = False
1.5020 	EXP 	text: autoDraw = True
2.7899 	EXP 	Device response: <KeyPress from None: t=2.5708993739972357, value=b, duration=None>
2.7901 	EXP 	Device response: <KeyPress from None: t=2.5708993739972357, value=b, duration=0.07620224999845959>
2.7903 	EXP 	New trial (rep=0, index=1): <Trial 1 (1 in rep 0) data={'word': 'BLUE', 'colour': 'red', 'stim_condition': 'I', 'correct_res': 'r', 'thisN': 1, 'thisTrialN': 1, 'thisRepN': 0}>
2.7943 	DATA 	Keypress: b
2.7992 	WARNING 	t of last frame was 222.35ms (=1/4)
2.7992 	EXP 	fixation: autoDraw = False
2.7992 	EXP 	text: autoDraw = False
2.7992 	EXP 	text: foreColor = <psychopy.colors.Color: red, alpha=1.0>
2.7992 	EXP 	text: text = 'BLUE'
2.7992 	EXP 	fixation: autoDraw = True
3.2861 	INFO 	Keyboard events cleared
3.2859 	EXP 	fixation: autoDraw = False
3.2859 	EXP 	text: autoDraw = True
4.9839 	EXP 	Device response: <KeyPress from None: t=4.979822124005295, value=r, duration=None>
4.9844 	EXP 	New trial (rep=0, index=2): <Trial 2 (2 in rep 0) data={'word': 'RED', 'colour': 'red', 'stim_condition': 'C', 'correct_res': 'r', 'thisN': 2, 'thisTrialN': 2, 'thisRepN': 0}>
4.9942 	DATA 	Keypress: r
4.9986 	EXP 	fixation: autoDraw = False
4.9986 	EXP 	text: autoDraw = False
4.9986 	EXP 	text: foreColor = <psychopy.colors.Color: red, alpha=1.0>
4.9986 	EXP 	text: height = np.float64(0.05)
4.9986 	EXP 	text: height = np.float64(0.05)
4.9986 	EXP 	text: height = np.float64(0.05)
4.9986 	EXP 	text: text = 'RED'
4.9986 	EXP 	fixation: autoDraw = True
5.1116 	EXP 	Device response: <KeyPress from None: t=4.979822124005295, value=r, duration=0.12036724999779835>
5.4867 	INFO 	Keyboard events cleared
5.4865 	EXP 	fixation: autoDraw = False
5.4865 	EXP 	text: autoDraw = True
5.9837 	EXP 	Device response: <KeyPress from None: t=5.979820998996729, value=r, duration=None>
5.9841 	EXP 	New trial (rep=0, index=3): <Trial 3 (3 in rep 0) data={'word': 'RED', 'colour': 'blue', 'stim_condition': 'I', 'correct_res': 'b', 'thisN': 3, 'thisTrialN': 3, 'thisRepN': 0}>
5.9988 	DATA 	Keypress: r
6.0033 	WARNING 	t of last frame was 20.84ms (=1/47)
6.0033 	EXP 	fixation: autoDraw = False
6.0033 	EXP 	text: autoDraw = False
6.0033 	EXP 	text: foreColor = <psychopy.colors.Color: blue, alpha=1.0>
6.0033 	EXP 	text: text = 'RED'
6.0033 	EXP 	fixation: autoDraw = True
6.0952 	EXP 	Device response: <KeyPress from None: t=5.979820998996729, value=r, duration=0.1085677919909358>
6.4849 	INFO 	Keyboard events cleared
6.4848 	EXP 	fixation: autoDraw = False
6.4848 	EXP 	text: autoDraw = True
7.0450 	EXP 	Device response: <KeyPress from None: t=7.0359362910094205, value=b, duration=None>
7.0456 	EXP 	New trial (rep=1, index=0): <Trial 4 (0 in rep 1) data={'word': 'BLUE', 'colour': 'blue', 'stim_condition': 'C', 'correct_res': 'b', 'thisN': 4, 'thisTrialN': 0, 'thisRepN': 1}>
7.0531 	DATA 	Keypress: b
7.0582 	EXP 	fixation: autoDraw = False
7.0582 	EXP 	text: autoDraw = False
7.0582 	EXP 	text: foreColor = <psychopy.colors.Color: blue, alpha=1.0>
7.0582 	EXP 	text: height = np.float64(0.05)
7.0582 	EXP 	text: height = np.float64(0.05)
7.0582 	EXP 	text: height = np.float64(0.05)
7.0582 	EXP 	text: text = 'BLUE'
7.0582 	EXP 	fixation: autoDraw = True
7.1509 	EXP 	Device response: <KeyPress from None: t=7.0359362910094205, value=b, duration=0.1122865829966031>
7.5438 	INFO 	Keyboard events cleared
7.5436 	EXP 	fixation: autoDraw = False
7.5436 	EXP 	text: autoDraw = True
7.9286 	EXP 	Device response: <KeyPress from None: t=7.920061248994898, value=b, duration=None>
7.9292 	EXP 	New trial (rep=1, index=1): <Trial 5 (1 in rep 1) data={'word': 'BLUE', 'colour': 'red', 'stim_condition': 'I', 'correct_res': 'r', 'thisN': 5, 'thisTrialN': 1, 'thisRepN': 1}>
7.9340 	DATA 	Keypress: b
7.9391 	EXP 	fixation: autoDraw = False
7.9391 	EXP 	text: autoDraw = False
7.9391 	EXP 	text: foreColor = <psychopy.colors.Color: red, alpha=1.0>
7.9391 	EXP 	text: text = 'BLUE'
7.9391 	EXP 	fixation: autoDraw = True
8.0503 	EXP 	Device response: <KeyPress from None: t=7.920061248994898, value=b, duration=0.12426141701871529>
8.4270 	INFO 	Keyboard events cleared
8.4268 	EXP 	fixation: autoDraw = False
8.4268 	EXP 	text: autoDraw = True
8.9117 	EXP 	Device response: <KeyPress from None: t=8.900899458007189, value=r, duration=None>
8.9123 	EXP 	New trial (rep=1, index=2): <Trial 6 (2 in rep 1) data={'word': 'RED', 'colour': 'blue', 'stim_condition': 'I', 'correct_res': 'b', 'thisN': 6, 'thisTrialN': 2, 'thisRepN': 1}>
8.9192 	DATA 	Keypress: r
8.9242 	EXP 	fixation: autoDraw = False
8.9242 	EXP 	text: autoDraw = False
8.9242 	EXP 	text: foreColor = <psychopy.colors.Color: blue, alpha=1.0>
8.9242 	EXP 	text: height = np.float64(0.05)
8.9242 	EXP 	text: height = np.float64(0.05)
8.9242 	EXP 	text: height = np.float64(0.05)
8.9242 	EXP 	text: text = 'RED'
8.9242 	EXP 	fixation: autoDraw = True
9.0117 	EXP 	Device response: <KeyPress from None: t=8.900899458007189, value=r, duration=0.10033862499403767>
9.4102 	INFO 	Keyboard events cleared
9.4100 	EXP 	fixation: autoDraw = False
9.4100 	EXP 	text: autoDraw = True
9.7953 	EXP 	Device response: <KeyPress from None: t=9.78813566599274, value=b, duration=None>
9.7958 	EXP 	New trial (rep=1, index=3): <Trial 7 (3 in rep 1) data={'word': 'RED', 'colour': 'red', 'stim_condition': 'C', 'correct_res': 'r', 'thisN': 7, 'thisTrialN': 3, 'thisRepN': 1}>
9.8002 	DATA 	Keypress: b
9.8052 	EXP 	fixation: autoDraw = False
9.8052 	EXP 	text: autoDraw = False
9.8052 	EXP 	text: foreColor = <psychopy.colors.Color: red, alpha=1.0>
9.8052 	EXP 	text: text = 'RED'
9.8052 	EXP 	fixation: autoDraw = True
9.8951 	EXP 	Device response: <KeyPress from None: t=9.78813566599274, value=b, duration=0.09611520799808204>
10.2937 	INFO 	Keyboard events cleared
10.2935 	EXP 	fixation: autoDraw = False
10.2935 	EXP 	text: autoDraw = True
10.7952 	EXP 	Device response: <KeyPress from None: t=10.783097873994848, value=r, duration=None>
10.7957 	EXP 	New trial (rep=2, index=0): <Trial 8 (0 in rep 2) data={'word': 'RED', 'colour': 'blue', 'stim_condition': 'I', 'correct_res': 'b', 'thisN': 8, 'thisTrialN': 0, 'thisRepN': 2}>
10.8003 	DATA 	Keypress: r
10.8054 	EXP 	fixation: autoDraw = False
10.8054 	EXP 	text: autoDraw = False
10.8054 	EXP 	text: foreColor = <psychopy.colors.Color: blue, alpha=1.0>
10.8054 	EXP 	text: text = 'RED'
10.8054 	EXP 	fixation: autoDraw = True
10.8954 	EXP 	Device response: <KeyPress from None: t=10.783097873994848, value=r, duration=0.10837724999873899>
11.2937 	INFO 	Keyboard events cleared
11.2935 	EXP 	fixation: autoDraw = False
11.2935 	EXP 	text: autoDraw = True
11.6285 	EXP 	Device response: <KeyPress from None: t=11.620076833001804, value=b, duration=None>
11.6291 	EXP 	New trial (rep=2, index=1): <Trial 9 (1 in rep 2) data={'word': 'BLUE', 'colour': 'blue', 'stim_condition': 'C', 'correct_res': 'b', 'thisN': 9, 'thisTrialN': 1, 'thisRepN': 2}>
11.6368 	DATA 	Keypress: b
11.6419 	EXP 	fixation: autoDraw = False
11.6419 	EXP 	text: autoDraw = False
11.6419 	EXP 	text: foreColor = <psychopy.colors.Color: blue, alpha=1.0>
11.6419 	EXP 	text: height = np.float64(0.05)
11.6419 	EXP 	text: height = np.float64(0.05)
11.6419 	EXP 	text: height = np.float64(0.05)
11.6419 	EXP 	text: text = 'BLUE'
11.6419 	EXP 	fixation: autoDraw = True
11.7506 	EXP 	Device response: <KeyPress from None: t=11.620076833001804, value=b, duration=0.12429087498458102>
12.1268 	INFO 	Keyboard events cleared
12.1267 	EXP 	fixation: autoDraw = False
12.1267 	EXP 	text: autoDraw = True
12.4950 	EXP 	Device response: <KeyPress from None: t=12.489149541012011, value=b, duration=None>
12.4953 	EXP 	New trial (rep=2, index=2): <Trial 10 (2 in rep 2) data={'word': 'BLUE', 'colour': 'red', 'stim_condition': 'I', 'correct_res': 'r', 'thisN': 10, 'thisTrialN': 2, 'thisRepN': 2}>
12.4984 	DATA 	Keypress: b
12.5034 	EXP 	fixation: autoDraw = False
12.5034 	EXP 	text: autoDraw = False
12.5034 	EXP 	text: foreColor = <psychopy.colors.Color: red, alpha=1.0>
12.5034 	EXP 	text: text = 'BLUE'
12.5034 	EXP 	fixation: autoDraw = True
12.5956 	EXP 	Device response: <KeyPress from None: t=12.489149541012011, value=b, duration=0.10435716700158082>
12.9937 	INFO 	Keyboard events cleared
12.9935 	EXP 	fixation: autoDraw = False
12.9935 	EXP 	text: autoDraw = True
13.3452 	EXP 	Device response: <KeyPress from None: t=13.335055748990271, value=r, duration=None>
13.3458 	EXP 	New trial (rep=2, index=3): <Trial 11 (3 in rep 2) data={'word': 'RED', 'colour': 'red', 'stim_condition': 'C', 'correct_res': 'r', 'thisN': 11, 'thisTrialN': 3, 'thisRepN': 2}>
13.3531 	DATA 	Keypress: r
13.3580 	EXP 	fixation: autoDraw = False
13.3580 	EXP 	text: autoDraw = False
13.3580 	EXP 	text: foreColor = <psychopy.colors.Color: red, alpha=1.0>
13.3580 	EXP 	text: height = np.float64(0.05)
13.3580 	EXP 	text: height = np.float64(0.05)
13.3580 	EXP 	text: height = np.float64(0.05)
13.3580 	EXP 	text: text = 'RED'
13.3580 	EXP 	fixation: autoDraw = True
13.4621 	EXP 	Device response: <KeyPress from None: t=13.335055748990271, value=r, duration=0.11635429199668579>
13.8437 	INFO 	Keyboard events cleared
13.8436 	EXP 	fixation: autoDraw = False
13.8436 	EXP 	text: autoDraw = True
14.7342 	EXP 	Device response: <KeyPress from None: t=14.730046957993181, value=b, duration=None>
14.7347 	EXP 	New trial (rep=3, index=0): <Trial 12 (0 in rep 3) data={'word': 'RED', 'colour': 'red', 'stim_condition': 'C', 'correct_res': 'r', 'thisN': 12, 'thisTrialN': 0, 'thisRepN': 3}>
14.7392 	DATA 	Keypress: b
14.7444 	EXP 	fixation: autoDraw = False
14.7444 	EXP 	text: autoDraw = False
14.7444 	EXP 	text: foreColor = <psychopy.colors.Color: red, alpha=1.0>
14.7444 	EXP 	text: text = 'RED'
14.7444 	EXP 	fixation: autoDraw = True
14.7957 	EXP 	Device response: <KeyPress from None: t=14.786196333006956, value=r, duration=None>
14.7998 	DATA 	Keypress: r
14.8152 	EXP 	Device response: <KeyPress from None: t=14.730046957993181, value=b, duration=0.08411916601471603>
14.9006 	EXP 	Device response: <KeyPress from None: t=14.786196333006956, value=r, duration=0.1083249999792315>
15.2349 	INFO 	Keyboard events cleared
15.2347 	EXP 	fixation: autoDraw = False
15.2347 	EXP 	text: autoDraw = True
15.7452 	EXP 	Device response: <KeyPress from None: t=15.73716216601315, value=r, duration=None>
15.7458 	EXP 	New trial (rep=3, index=1): <Trial 13 (1 in rep 3) data={'word': 'BLUE', 'colour': 'red', 'stim_condition': 'I', 'correct_res': 'r', 'thisN': 13, 'thisTrialN': 1, 'thisRepN': 3}>
15.7533 	DATA 	Keypress: r
15.7583 	EXP 	fixation: autoDraw = False
15.7583 	EXP 	text: autoDraw = False
15.7583 	EXP 	text: foreColor = <psychopy.colors.Color: red, alpha=1.0>
15.7583 	EXP 	text: height = np.float64(0.05)
15.7583 	EXP 	text: height = np.float64(0.05)
15.7583 	EXP 	text: height = np.float64(0.05)
15.7583 	EXP 	text: text = 'BLUE'
15.7583 	EXP 	fixation: autoDraw = True
15.8696 	EXP 	Device response: <KeyPress from None: t=15.73716216601315, value=r, duration=0.1243937499821186>
16.2438 	INFO 	Keyboard events cleared
16.2436 	EXP 	fixation: autoDraw = False
16.2436 	EXP 	text: autoDraw = True
16.7785 	EXP 	Device response: <KeyPress from None: t=16.771117458003573, value=r, duration=None>
16.7790 	EXP 	New trial (rep=3, index=2): <Trial 14 (2 in rep 3) data={'word': 'RED', 'colour': 'blue', 'stim_condition': 'I', 'correct_res': 'b', 'thisN': 14, 'thisTrialN': 2, 'thisRepN': 3}>
16.7863 	DATA 	Keypress: r
16.7915 	EXP 	fixation: autoDraw = False
16.7915 	EXP 	text: autoDraw = False
16.7915 	EXP 	text: foreColor = <psychopy.colors.Color: blue, alpha=1.0>
16.7915 	EXP 	text: height = np.float64(0.05)
16.7915 	EXP 	text: height = np.float64(0.05)
16.7915 	EXP 	text: height = np.float64(0.05)
16.7915 	EXP 	text: text = 'RED'
16.7915 	EXP 	fixation: autoDraw = True
16.8789 	EXP 	Device response: <KeyPress from None: t=16.771117458003573, value=r, duration=0.10450012498768046>
17.2773 	INFO 	Keyboard events cleared
17.2771 	EXP 	fixation: autoDraw = False
17.2771 	EXP 	text: autoDraw = True
17.7622 	EXP 	Device response: <KeyPress from None: t=17.75735404100851, value=b, duration=None>
17.7627 	EXP 	New trial (rep=3, index=3): <Trial 15 (3 in rep 3) data={'word': 'BLUE', 'colour': 'blue', 'stim_condition': 'C', 'correct_res': 'b', 'thisN': 15, 'thisTrialN': 3, 'thisRepN': 3}>
17.7698 	DATA 	Keypress: b
17.7748 	EXP 	fixation: autoDraw = False
17.7748 	EXP 	text: autoDraw = False
17.7748 	EXP 	text: foreColor = <psychopy.colors.Color: blue, alpha=1.0>
17.7748 	EXP 	text: height = np.float64(0.05)
17.7748 	EXP 	text: height = np.float64(0.05)
17.7748 	EXP 	text: height = np.float64(0.05)
17.7748 	EXP 	text: text = 'BLUE'
17.7748 	EXP 	fixation: autoDraw = True
17.8455 	EXP 	Device response: <KeyPress from None: t=17.75735404100851, value=b, duration=0.0801812499994412>
18.2605 	INFO 	Keyboard events cleared
18.2604 	EXP 	fixation: autoDraw = False
18.2604 	EXP 	text: autoDraw = True
18.5959 	EXP 	Device response: <KeyPress from None: t=18.589294415985933, value=b, duration=None>
18.5964 	EXP 	New trial (rep=4, index=0): <Trial 16 (0 in rep 4) data={'word': 'RED', 'colour': 'red', 'stim_condition': 'C', 'correct_res': 'r', 'thisN': 16, 'thisTrialN': 0, 'thisRepN': 4}>
18.6030 	DATA 	Keypress: b
18.6081 	EXP 	fixation: autoDraw = False
18.6081 	EXP 	text: autoDraw = False
18.6081 	EXP 	text: foreColor = <psychopy.colors.Color: red, alpha=1.0>
18.6081 	EXP 	text: height = np.float64(0.05)
18.6081 	EXP 	text: height = np.float64(0.05)
18.6081 	EXP 	text: height = np.float64(0.05)
18.6081 	EXP 	text: text = 'RED'
18.6081 	EXP 	fixation: autoDraw = True
18.6620 	EXP 	Device response: <KeyPress from None: t=18.589294415985933, value=b, duration=0.06423008302226663>
19.0937 	INFO 	Keyboard events cleared
19.0935 	EXP 	fixation: autoDraw = False
19.0935 	EXP 	text: autoDraw = True
19.7507 	EXP 	Device response: <KeyPress from None: t=19.74819341598777, value=r, duration=None>
19.7511 	EXP 	New trial (rep=4, index=1): <Trial 17 (1 in rep 4) data={'word': 'BLUE', 'colour': 'blue', 'stim_condition': 'C', 'correct_res': 'b', 'thisN': 17, 'thisTrialN': 1, 'thisRepN': 4}>
19.7573 	DATA 	Keypress: r
19.7651 	EXP 	fixation: autoDraw = False
19.7651 	EXP 	text: autoDraw = False
19.7651 	EXP 	text: foreColor = <psychopy.colors.Color: blue, alpha=1.0>
19.7651 	EXP 	text: height = np.float64(0.05)
19.7651 	EXP 	text: height = np.float64(0.05)
19.7651 	EXP 	text: height = np.float64(0.05)
19.7651 	EXP 	text: text = 'BLUE'
19.7651 	EXP 	fixation: autoDraw = True
19.8621 	EXP 	Device response: <KeyPress from None: t=19.74819341598777, value=r, duration=0.10435708300792612>
20.2532 	INFO 	Keyboard events cleared
20.2530 	EXP 	fixation: autoDraw = False
20.2530 	EXP 	text: autoDraw = True
20.7623 	EXP 	Device response: <KeyPress from None: t=20.756554082996445, value=r, duration=None>
20.7628 	EXP 	New trial (rep=4, index=2): <Trial 18 (2 in rep 4) data={'word': 'BLUE', 'colour': 'red', 'stim_condition': 'I', 'correct_res': 'r', 'thisN': 18, 'thisTrialN': 2, 'thisRepN': 4}>
20.7673 	DATA 	Keypress: r
20.7723 	EXP 	fixation: autoDraw = False
20.7723 	EXP 	text: autoDraw = False
20.7723 	EXP 	text: foreColor = <psychopy.colors.Color: red, alpha=1.0>
20.7723 	EXP 	text: text = 'BLUE'
20.7723 	EXP 	fixation: autoDraw = True
20.8509 	EXP 	Device response: <KeyPress from None: t=20.756554082996445, value=r, duration=0.08805154100991786>
21.2608 	INFO 	Keyboard events cleared
21.2606 	EXP 	fixation: autoDraw = False
21.2606 	EXP 	text: autoDraw = True
22.0124 	EXP 	Device response: <KeyPress from None: t=22.005285249004373, value=b, duration=None>
22.0131 	EXP 	New trial (rep=4, index=3): <Trial 19 (3 in rep 4) data={'word': 'RED', 'colour': 'blue', 'stim_condition': 'I', 'correct_res': 'b', 'thisN': 19, 'thisTrialN': 3, 'thisRepN': 4}>
22.0211 	DATA 	Keypress: b
22.0261 	EXP 	fixation: autoDraw = False
22.0261 	EXP 	text: autoDraw = False
22.0261 	EXP 	text: foreColor = <psychopy.colors.Color: blue, alpha=1.0>
22.0261 	EXP 	text: height = np.float64(0.05)
22.0261 	EXP 	text: height = np.float64(0.05)
22.0261 	EXP 	text: height = np.float64(0.05)
22.0261 	EXP 	text: text = 'RED'
22.0261 	EXP 	fixation: autoDraw = True
22.0955 	EXP 	Device response: <KeyPress from None: t=22.005285249004373, value=b, duration=0.0846368339844048>
22.5107 	INFO 	Keyboard events cleared
22.5105 	EXP 	fixation: autoDraw = False
22.5105 	EXP 	text: autoDraw = True
23.8623 	EXP 	Device response: <KeyPress from None: t=23.85030895800446, value=b, duration=None>
23.8628 	EXP 	New trial (rep=5, index=0): <Trial 20 (0 in rep 5) data={'word': 'RED', 'colour': 'red', 'stim_condition': 'C', 'correct_res': 'r', 'thisN': 20, 'thisTrialN': 0, 'thisRepN': 5}>
23.8673 	DATA 	Keypress: b
23.8723 	EXP 	fixation: autoDraw = False
23.8723 	EXP 	text: autoDraw = False
23.8723 	EXP 	text: foreColor = <psychopy.colors.Color: red, alpha=1.0>
23.8723 	EXP 	text: text = 'RED'
23.8723 	EXP 	fixation: autoDraw = True
23.9342 	EXP 	Device response: <KeyPress from None: t=23.85030895800446, value=b, duration=0.0802164159831591>
24.3611 	INFO 	Keyboard events cleared
24.3610 	EXP 	fixation: autoDraw = False
24.3610 	EXP 	text: autoDraw = True
25.0844 	EXP 	Device response: <KeyPress from None: t=25.080274707986973, value=r, duration=None>
25.0849 	EXP 	New trial (rep=5, index=1): <Trial 21 (1 in rep 5) data={'word': 'RED', 'colour': 'blue', 'stim_condition': 'I', 'correct_res': 'b', 'thisN': 21, 'thisTrialN': 1, 'thisRepN': 5}>
25.0893 	DATA 	Keypress: r
25.0942 	EXP 	fixation: autoDraw = False
25.0942 	EXP 	text: autoDraw = False
25.0942 	EXP 	text: foreColor = <psychopy.colors.Color: blue, alpha=1.0>
25.0942 	EXP 	text: text = 'RED'
25.0942 	EXP 	fixation: autoDraw = True
25.1344 	EXP 	Device response: <KeyPress from None: t=25.080274707986973, value=r, duration=0.04834041601861827>
25.5858 	INFO 	Keyboard events cleared
25.5856 	EXP 	fixation: autoDraw = False
25.5856 	EXP 	text: autoDraw = True
26.6373 	DATA 	Keypress: b
26.6452 	EXP 	Device response: <KeyPress from None: t=26.633430624002358, value=b, duration=None>
26.6456 	EXP 	New trial (rep=5, index=2): <Trial 22 (2 in rep 5) data={'word': 'BLUE', 'colour': 'red', 'stim_condition': 'I', 'correct_res': 'r', 'thisN': 22, 'thisTrialN': 2, 'thisRepN': 5}>
26.6550 	EXP 	fixation: autoDraw = False
26.6550 	EXP 	text: autoDraw = False
26.6550 	EXP 	text: foreColor = <psychopy.colors.Color: red, alpha=1.0>
26.6550 	EXP 	text: height = np.float64(0.05)
26.6550 	EXP 	text: height = np.float64(0.05)
26.6550 	EXP 	text: height = np.float64(0.05)
26.6550 	EXP 	text: text = 'BLUE'
26.6550 	EXP 	fixation: autoDraw = True
26.7187 	EXP 	Device response: <KeyPress from None: t=26.633430624002358, value=b, duration=0.08017699999618344>
27.1444 	INFO 	Keyboard events cleared
27.1442 	EXP 	fixation: autoDraw = False
27.1442 	EXP 	text: autoDraw = True
28.2849 	EXP 	Device response: <KeyPress from None: t=28.2793878329976, value=r, duration=None>
28.2854 	EXP 	New trial (rep=5, index=3): <Trial 23 (3 in rep 5) data={'word': 'BLUE', 'colour': 'blue', 'stim_condition': 'C', 'correct_res': 'b', 'thisN': 23, 'thisTrialN': 3, 'thisRepN': 5}>
28.2899 	DATA 	Keypress: r
28.2955 	EXP 	fixation: autoDraw = False
28.2955 	EXP 	text: autoDraw = False
28.2955 	EXP 	text: foreColor = <psychopy.colors.Color: blue, alpha=1.0>
28.2955 	EXP 	text: text = 'BLUE'
28.2955 	EXP 	fixation: autoDraw = True
28.3796 	EXP 	Device response: <KeyPress from None: t=28.2793878329976, value=r, duration=0.08831845800159499>
28.7861 	INFO 	Keyboard events cleared
28.7860 	EXP 	fixation: autoDraw = False
28.7860 	EXP 	text: autoDraw = True
29.5793 	EXP 	Device response: <KeyPress from None: t=29.574633748998167, value=b, duration=None>
29.5798 	EXP 	New trial (rep=6, index=0): <Trial 24 (0 in rep 6) data={'word': 'BLUE', 'colour': 'red', 'stim_condition': 'I', 'correct_res': 'r', 'thisN': 24, 'thisTrialN': 0, 'thisRepN': 6}>
29.5847 	DATA 	Keypress: b
29.5897 	EXP 	fixation: autoDraw = False
29.5897 	EXP 	text: autoDraw = False
29.5897 	EXP 	text: foreColor = <psychopy.colors.Color: red, alpha=1.0>
29.5897 	EXP 	text: text = 'BLUE'
29.5897 	EXP 	fixation: autoDraw = True
29.6791 	EXP 	Device response: <KeyPress from None: t=29.574633748998167, value=b, duration=0.09217312501277775>
30.0777 	INFO 	Keyboard events cleared
30.0775 	EXP 	fixation: autoDraw = False
30.0775 	EXP 	text: autoDraw = True
30.6626 	EXP 	Device response: <KeyPress from None: t=30.65450224900269, value=r, duration=None>
30.6632 	EXP 	New trial (rep=6, index=1): <Trial 25 (1 in rep 6) data={'word': 'BLUE', 'colour': 'blue', 'stim_condition': 'C', 'correct_res': 'b', 'thisN': 25, 'thisTrialN': 1, 'thisRepN': 6}>
30.6678 	DATA 	Keypress: r
30.6728 	EXP 	fixation: autoDraw = False
30.6728 	EXP 	text: autoDraw = False
30.6728 	EXP 	text: foreColor = <psychopy.colors.Color: blue, alpha=1.0>
30.6728 	EXP 	text: text = 'BLUE'
30.6728 	EXP 	fixation: autoDraw = True
30.7685 	EXP 	Device response: <KeyPress from None: t=30.65450224900269, value=r, duration=0.10830345898284577>
31.1611 	INFO 	Keyboard events cleared
31.1609 	EXP 	fixation: autoDraw = False
31.1609 	EXP 	text: autoDraw = True
31.8019 	EXP 	Device response: <KeyPress from None: t=31.79651970800478, value=b, duration=None>
31.8023 	EXP 	New trial (rep=6, index=2): <Trial 26 (2 in rep 6) data={'word': 'RED', 'colour': 'blue', 'stim_condition': 'I', 'correct_res': 'b', 'thisN': 26, 'thisTrialN': 2, 'thisRepN': 6}>
31.8093 	DATA 	Keypress: b
31.8158 	EXP 	fixation: autoDraw = False
31.8158 	EXP 	text: autoDraw = False
31.8158 	EXP 	text: foreColor = <psychopy.colors.Color: blue, alpha=1.0>
31.8158 	EXP 	text: height = np.float64(0.05)
31.8158 	EXP 	text: height = np.float64(0.05)
31.8158 	EXP 	text: height = np.float64(0.05)
31.8158 	EXP 	text: text = 'RED'
31.8158 	EXP 	fixation: autoDraw = True
31.8842 	EXP 	Device response: <KeyPress from None: t=31.79651970800478, value=b, duration=0.08423137498903088>
32.3041 	INFO 	Keyboard events cleared
32.3040 	EXP 	fixation: autoDraw = False
32.3040 	EXP 	text: autoDraw = True
32.8627 	EXP 	Device response: <KeyPress from None: t=32.85054620800656, value=b, duration=None>
32.8633 	EXP 	New trial (rep=6, index=3): <Trial 27 (3 in rep 6) data={'word': 'RED', 'colour': 'red', 'stim_condition': 'C', 'correct_res': 'r', 'thisN': 27, 'thisTrialN': 3, 'thisRepN': 6}>
32.8688 	DATA 	Keypress: b
32.8739 	EXP 	fixation: autoDraw = False
32.8739 	EXP 	text: autoDraw = False
32.8739 	EXP 	text: foreColor = <psychopy.colors.Color: red, alpha=1.0>
32.8739 	EXP 	text: text = 'RED'
32.8739 	EXP 	fixation: autoDraw = True
32.9517 	EXP 	Device response: <KeyPress from None: t=32.85054620800656, value=b, duration=0.0961971250071656>
33.3611 	INFO 	Keyboard events cleared
33.3610 	EXP 	fixation: autoDraw = False
33.3610 	EXP 	text: autoDraw = True
33.9294 	EXP 	Device response: <KeyPress from None: t=33.92154529099935, value=r, duration=None>
33.9299 	EXP 	New trial (rep=7, index=0): <Trial 28 (0 in rep 7) data={'word': 'RED', 'colour': 'red', 'stim_condition': 'C', 'correct_res': 'r', 'thisN': 28, 'thisTrialN': 0, 'thisRepN': 7}>
33.9342 	DATA 	Keypress: r
33.9389 	EXP 	fixation: autoDraw = False
33.9389 	EXP 	text: autoDraw = False
33.9389 	EXP 	text: foreColor = <psychopy.colors.Color: red, alpha=1.0>
33.9389 	EXP 	text: text = 'RED'
33.9389 	EXP 	fixation: autoDraw = True
34.1293 	EXP 	Device response: <KeyPress from None: t=33.92154529099935, value=r, duration=0.19627233300707303>
34.4282 	INFO 	Keyboard events cleared
34.4281 	EXP 	fixation: autoDraw = False
34.4281 	EXP 	text: autoDraw = True
34.7516 	EXP 	Device response: <KeyPress from None: t=34.74555208301172, value=r, duration=None>
34.7520 	EXP 	New trial (rep=7, index=1): <Trial 29 (1 in rep 7) data={'word': 'BLUE', 'colour': 'red', 'stim_condition': 'I', 'correct_res': 'r', 'thisN': 29, 'thisTrialN': 1, 'thisRepN': 7}>
34.7589 	DATA 	Keypress: r
34.7657 	EXP 	fixation: autoDraw = False
34.7657 	EXP 	text: autoDraw = False
34.7657 	EXP 	text: foreColor = <psychopy.colors.Color: red, alpha=1.0>
34.7657 	EXP 	text: height = np.float64(0.05)
34.7657 	EXP 	text: height = np.float64(0.05)
34.7657 	EXP 	text: height = np.float64(0.05)
34.7657 	EXP 	text: text = 'BLUE'
34.7657 	EXP 	fixation: autoDraw = True
34.8796 	EXP 	Device response: <KeyPress from None: t=34.74555208301172, value=r, duration=0.12842283298959956>
35.2536 	INFO 	Keyboard events cleared
35.2534 	EXP 	fixation: autoDraw = False
35.2534 	EXP 	text: autoDraw = True
35.7688 	EXP 	Device response: <KeyPress from None: t=35.76551337400451, value=b, duration=None>
35.7692 	EXP 	New trial (rep=7, index=2): <Trial 30 (2 in rep 7) data={'word': 'RED', 'colour': 'blue', 'stim_condition': 'I', 'correct_res': 'b', 'thisN': 30, 'thisTrialN': 2, 'thisRepN': 7}>
35.7753 	DATA 	Keypress: b
35.7825 	EXP 	fixation: autoDraw = False
35.7825 	EXP 	text: autoDraw = False
35.7825 	EXP 	text: foreColor = <psychopy.colors.Color: blue, alpha=1.0>
35.7825 	EXP 	text: height = np.float64(0.05)
35.7825 	EXP 	text: height = np.float64(0.05)
35.7825 	EXP 	text: height = np.float64(0.05)
35.7825 	EXP 	text: text = 'RED'
35.7825 	EXP 	fixation: autoDraw = True
35.8684 	EXP 	Device response: <KeyPress from None: t=35.76551337400451, value=b, duration=0.10033116699196398>
36.2702 	INFO 	Keyboard events cleared
36.2700 	EXP 	fixation: autoDraw = False
36.2700 	EXP 	text: autoDraw = True
37.0683 	EXP 	Device response: <KeyPress from None: t=37.063475998991635, value=b, duration=None>
37.0688 	EXP 	New trial (rep=7, index=3): <Trial 31 (3 in rep 7) data={'word': 'BLUE', 'colour': 'blue', 'stim_condition': 'C', 'correct_res': 'b', 'thisN': 31, 'thisTrialN': 3, 'thisRepN': 7}>
37.0759 	DATA 	Keypress: b
37.0824 	EXP 	fixation: autoDraw = False
37.0824 	EXP 	text: autoDraw = False
37.0824 	EXP 	text: foreColor = <psychopy.colors.Color: blue, alpha=1.0>
37.0824 	EXP 	text: height = np.float64(0.05)
37.0824 	EXP 	text: height = np.float64(0.05)
37.0824 	EXP 	text: height = np.float64(0.05)
37.0824 	EXP 	text: text = 'BLUE'
37.0824 	EXP 	fixation: autoDraw = True
37.1799 	EXP 	Device response: <KeyPress from None: t=37.063475998991635, value=b, duration=0.10838250000961125>
37.5705 	INFO 	Keyboard events cleared
37.5703 	EXP 	fixation: autoDraw = False
37.5703 	EXP 	text: autoDraw = True
37.9017 	EXP 	Device response: <KeyPress from None: t=37.89653341600206, value=b, duration=None>
37.9021 	EXP 	New trial (rep=8, index=0): <Trial 32 (0 in rep 8) data={'word': 'RED', 'colour': 'blue', 'stim_condition': 'I', 'correct_res': 'b', 'thisN': 32, 'thisTrialN': 0, 'thisRepN': 8}>
37.9087 	DATA 	Keypress: b
37.9161 	EXP 	fixation: autoDraw = False
37.9161 	EXP 	text: autoDraw = False
37.9161 	EXP 	text: foreColor = <psychopy.colors.Color: blue, alpha=1.0>
37.9161 	EXP 	text: height = np.float64(0.05)
37.9161 	EXP 	text: height = np.float64(0.05)
37.9161 	EXP 	text: height = np.float64(0.05)
37.9161 	EXP 	text: text = 'RED'
37.9161 	EXP 	fixation: autoDraw = True
37.9961 	EXP 	Device response: <KeyPress from None: t=37.89653341600206, value=b, duration=0.0923436250013765>
38.4022 	INFO 	Keyboard events cleared
38.4020 	EXP 	fixation: autoDraw = False
38.4020 	EXP 	text: autoDraw = True
38.7298 	EXP 	Device response: <KeyPress from None: t=38.725758123997366, value=b, duration=None>
38.7303 	EXP 	New trial (rep=8, index=1): <Trial 33 (1 in rep 8) data={'word': 'RED', 'colour': 'red', 'stim_condition': 'C', 'correct_res': 'r', 'thisN': 33, 'thisTrialN': 1, 'thisRepN': 8}>
38.7349 	DATA 	Keypress: b
38.7399 	EXP 	fixation: autoDraw = False
38.7399 	EXP 	text: autoDraw = False
38.7399 	EXP 	text: foreColor = <psychopy.colors.Color: red, alpha=1.0>
38.7399 	EXP 	text: text = 'RED'
38.7399 	EXP 	fixation: autoDraw = True
38.8133 	EXP 	Device response: <KeyPress from None: t=38.725758123997366, value=b, duration=0.08027337500243448>
39.2280 	INFO 	Keyboard events cleared
39.2278 	EXP 	fixation: autoDraw = False
39.2278 	EXP 	text: autoDraw = True
39.8962 	EXP 	Device response: <KeyPress from None: t=39.890779165987624, value=r, duration=None>
39.8967 	EXP 	New trial (rep=8, index=2): <Trial 34 (2 in rep 8) data={'word': 'BLUE', 'colour': 'red', 'stim_condition': 'I', 'correct_res': 'r', 'thisN': 34, 'thisTrialN': 2, 'thisRepN': 8}>
39.9042 	DATA 	Keypress: r
39.9091 	EXP 	fixation: autoDraw = False
39.9091 	EXP 	text: autoDraw = False
39.9091 	EXP 	text: foreColor = <psychopy.colors.Color: red, alpha=1.0>
39.9091 	EXP 	text: height = np.float64(0.05)
39.9091 	EXP 	text: height = np.float64(0.05)
39.9091 	EXP 	text: height = np.float64(0.05)
39.9091 	EXP 	text: text = 'BLUE'
39.9091 	EXP 	fixation: autoDraw = True
39.9967 	EXP 	Device response: <KeyPress from None: t=39.890779165987624, value=r, duration=0.10426400002324954>
40.3949 	INFO 	Keyboard events cleared
40.3947 	EXP 	fixation: autoDraw = False
40.3947 	EXP 	text: autoDraw = True
40.7801 	EXP 	Device response: <KeyPress from None: t=40.76860295800725, value=r, duration=None>
40.7807 	EXP 	New trial (rep=8, index=3): <Trial 35 (3 in rep 8) data={'word': 'BLUE', 'colour': 'blue', 'stim_condition': 'C', 'correct_res': 'b', 'thisN': 35, 'thisTrialN': 3, 'thisRepN': 8}>
40.7852 	DATA 	Keypress: r
40.7904 	EXP 	fixation: autoDraw = False
40.7904 	EXP 	text: autoDraw = False
40.7904 	EXP 	text: foreColor = <psychopy.colors.Color: blue, alpha=1.0>
40.7904 	EXP 	text: text = 'BLUE'
40.7904 	EXP 	fixation: autoDraw = True
40.8963 	EXP 	Device response: <KeyPress from None: t=40.76860295800725, value=r, duration=0.11627091598347761>
41.2783 	INFO 	Keyboard events cleared
41.2781 	EXP 	fixation: autoDraw = False
41.2781 	EXP 	text: autoDraw = True
41.8797 	EXP 	Device response: <KeyPress from None: t=41.874914790998446, value=b, duration=None>
41.8802 	EXP 	New trial (rep=9, index=0): <Trial 36 (0 in rep 9) data={'word': 'RED', 'colour': 'blue', 'stim_condition': 'I', 'correct_res': 'b', 'thisN': 36, 'thisTrialN': 0, 'thisRepN': 9}>
41.8879 	DATA 	Keypress: b
41.8930 	EXP 	fixation: autoDraw = False
41.8930 	EXP 	text: autoDraw = False
41.8930 	EXP 	text: foreColor = <psychopy.colors.Color: blue, alpha=1.0>
41.8930 	EXP 	text: height = np.float64(0.05)
41.8930 	EXP 	text: height = np.float64(0.05)
41.8930 	EXP 	text: height = np.float64(0.05)
41.8930 	EXP 	text: text = 'RED'
41.8930 	EXP 	fixation: autoDraw = True
41.9687 	EXP 	Device response: <KeyPress from None: t=41.874914790998446, value=b, duration=0.0880879579926841>
42.3779 	INFO 	Keyboard events cleared
42.3777 	EXP 	fixation: autoDraw = False
42.3777 	EXP 	text: autoDraw = True
42.8826 	DATA 	Keypress: b
42.8886 	EXP 	Device response: <KeyPress from None: t=42.87872533299378, value=b, duration=None>
42.8890 	EXP 	New trial (rep=9, index=1): <Trial 37 (1 in rep 9) data={'word': 'RED', 'colour': 'red', 'stim_condition': 'C', 'correct_res': 'r', 'thisN': 37, 'thisTrialN': 1, 'thisRepN': 9}>
42.8952 	EXP 	fixation: autoDraw = False
42.8952 	EXP 	text: autoDraw = False
42.8952 	EXP 	text: foreColor = <psychopy.colors.Color: red, alpha=1.0>
42.8952 	EXP 	text: text = 'RED'
42.8952 	EXP 	fixation: autoDraw = True
42.9798 	EXP 	Device response: <KeyPress from None: t=42.87872533299378, value=b, duration=0.09654354100348428>
43.3864 	INFO 	Keyboard events cleared
43.3861 	EXP 	fixation: autoDraw = False
43.3861 	EXP 	text: autoDraw = True
43.8186 	EXP 	Device response: <KeyPress from None: t=43.81264987398754, value=r, duration=None>
43.8190 	EXP 	New trial (rep=9, index=2): <Trial 38 (2 in rep 9) data={'word': 'BLUE', 'colour': 'red', 'stim_condition': 'I', 'correct_res': 'r', 'thisN': 38, 'thisTrialN': 2, 'thisRepN': 9}>
43.8261 	DATA 	Keypress: r
43.8324 	EXP 	fixation: autoDraw = False
43.8324 	EXP 	text: autoDraw = False
43.8324 	EXP 	text: foreColor = <psychopy.colors.Color: red, alpha=1.0>
43.8324 	EXP 	text: height = np.float64(0.05)
43.8324 	EXP 	text: height = np.float64(0.05)
43.8324 	EXP 	text: height = np.float64(0.05)
43.8324 	EXP 	text: text = 'BLUE'
43.8324 	EXP 	fixation: autoDraw = True
43.9349 	EXP 	Device response: <KeyPress from None: t=43.81264987398754, value=r, duration=0.11640325002372265>
44.3210 	INFO 	Keyboard events cleared
44.3208 	EXP 	fixation: autoDraw = False
44.3208 	EXP 	text: autoDraw = True
44.9019 	EXP 	Device response: <KeyPress from None: t=44.896703790989704, value=r, duration=None>
44.9023 	EXP 	New trial (rep=9, index=3): <Trial 39 (3 in rep 9) data={'word': 'BLUE', 'colour': 'blue', 'stim_condition': 'C', 'correct_res': 'b', 'thisN': 39, 'thisTrialN': 3, 'thisRepN': 9}>
44.9068 	DATA 	Keypress: r
44.9117 	EXP 	fixation: autoDraw = False
44.9117 	EXP 	text: autoDraw = False
44.9117 	EXP 	text: foreColor = <psychopy.colors.Color: blue, alpha=1.0>
44.9117 	EXP 	text: text = 'BLUE'
44.9117 	EXP 	fixation: autoDraw = True
44.9965 	EXP 	Device response: <KeyPress from None: t=44.896703790989704, value=r, duration=0.09650054201483727>
45.4034 	INFO 	Keyboard events cleared
45.4033 	EXP 	fixation: autoDraw = False
45.4033 	EXP 	text: autoDraw = True
45.8298 	EXP 	Device response: <KeyPress from None: t=45.82278791599674, value=b, duration=None>
45.8353 	DATA 	Keypress: b
45.8404 	EXP 	fixation: autoDraw = False
45.8404 	EXP 	text: autoDraw = False
45.8404 	EXP 	text_3: autoDraw = True
45.9187 	EXP 	Device response: <KeyPress from None: t=45.82278791599674, value=b, duration=0.0922060830052942>
46.8334 	EXP 	text_3: autoDraw = False
46.8334 	EXP 	text_3: autoDraw = False
46.8337 	EXP 	stroop_task: status = STOPPED
46.8534 	INFO 	saved data to '/Users/prishajain/Desktop/Psychology Experiments/Stroop/data/03_stroop_task_2025-08-26_09h50.48.393.csv'
46.8552 	INFO 	saved data to /Users/prishajain/Desktop/Psychology Experiments/Stroop/data/03_stroop_task_2025-08-26_09h50.48.393.psydat
46.8602 	WARNING 	t of last frame was 26.82ms (=1/37)
47.0198 	WARNING 	Stopping key buffers but this could be dangerous ifother keyboards rely on the same.
47.0199 	WARNING 	Stopping key buffers but this could be dangerous ifother keyboards rely on the same.
