24.4097 	INFO 	Loaded monitor calibration from ['2025_08_12 09:39']
24.6780 	INFO 	Using renderer 'Apple M1' for graphics
24.6780 	INFO 	OpenGL version supported by driver is 2..
24.7254 	EXP 	Created window1 = Window(allowGUI=True, allowStencil=False, autoLog=True, backendConf=UNKNOWN, backgroundFit=<method-wrapper '__getattribute__' of attributeSetter object at 0x14db4e8f0>, backgroundImage=<method-wrapper '__getattribute__' of attributeSetter object at 0x14db4e950>, bitsMode=UNKNOWN, blendMode='avg', bpc=(8, 8, 8), color=array([0, 0, 0]), colorSpace='rgb', depthBits=8, fullscr=False, gamma=None, gammaErrorPolicy='raise', infoMsg=UNKNOWN, lms=UNKNOWN, monitor=<psychopy.monitors.calibTools.Monitor object at 0x14dcd2d10>, multiSample=False, name='window1', numSamples=2, pos=[np.float64(220.0), np.float64(150.0)], screen=0, size=array([2000, 1200]), stencilBits=0, stereo=False, title='PsychoPy', units='height', useFBO=True, useRetina=True, viewOri=0.0, viewPos=None, viewScale=None, waitBlanking=True, winType='pyglet')
24.7254 	EXP 	window1: backgroundImage = ''
24.7255 	EXP 	window1: backgroundFit = 'none'
25.2758 	EXP 	window1: Attempting to measure frame rate of screen (0) ...
25.2759 	EXP 	window1: recordFrameIntervals = False
25.7688 	EXP 	window1: recordFrameIntervals = True
26.6018 	WARNING 	Couldn't measure a consistent frame rate!
  - Is your graphics card set to sync to vertical blank?
  - Are you running other processes on your computer?

27.7263 	INFO 	keyboard.Keyboard is using ptb backend.
28.0100 	INFO 	keyboard.Keyboard is using ptb backend.
28.0100 	EXP 	adaptive staircase experiment : status = STARTED
28.0219 	EXP 	Created fixation = ShapeStim(__class__=<class 'psychopy.visual.shape.ShapeStim'>, anchor=('center', 'center'), autoDraw=False, autoLog=True, closeShape=True, color=method-wrapper(...), colorSpace='rgb', contrast=None, depth=-1.0, draggable=False, fillColor=array([1, 1, 1]), fillColorSpace='rgb', fillRGB=array([1, 1, 1]), interpolate=True, lineColor=array([1., 1., 1.]), lineColorSpace='rgb', lineRGB=array([1, 1, 1]), lineWidth=1.0, name='fixation', opacity=1, ori=0.0, pos=array([0., 0.]), size=array([0.1, 0.1]), units='height', vertices=ndarray(...), win=Window(...), windingRule=None)
28.0271 	EXP 	Created grating = GratingStim(__class__=<class 'psychopy.visual.grating.GratingStim'>, anchor='center', autoDraw=False, autoLog=True, blendmode='avg', color=array([0.5, 0.5, 0.5]), colorSpace='rgb', contrast=0.5, depth=-2.0, draggable=False, interpolate=True, mask='gauss', maskParams=None, name='grating', opacity=1, ori=1.0, phase=array([0., 0.]), pos=array([0., 0.]), rgbPedestal=array([0., 0., 0.]), sf=array([8., 8.]), size=array([0.3, 0.3]), tex='sin', texRes=128.0, units='height', win=Window(...))
0.0097 	WARNING 	Increasing number of minimum required reversals to the number of step sizes, (4).
0.0254 	EXP 	grating: ori = np.float64(10.0)
0.0254 	EXP 	fixation: autoDraw = True
0.5113 	INFO 	Keyboard events cleared
0.5112 	EXP 	grating: autoDraw = True
0.5112 	EXP 	grating: tex = 'sin'
0.5247 	EXP 	fixation: autoDraw = False
0.8076 	EXP 	grating: autoDraw = False
1.2516 	EXP 	Device response: <KeyPress from None: t=1.0142661249847151, value=right, duration=None>
1.2519 	EXP 	Device response: <KeyPress from None: t=1.0142661249847151, value=right, duration=0.1283049590419978>
1.2888 	DATA 	Keypress: right
1.2946 	WARNING 	t of last frame was 269.92ms (=1/3)
1.2946 	EXP 	fixation: autoDraw = False
1.2946 	EXP 	grating: autoDraw = False
1.2946 	EXP 	grating: ori = np.float64(8.0)
1.2946 	EXP 	fixation: autoDraw = True
1.7453 	INFO 	Keyboard events cleared
1.7453 	EXP 	grating: autoDraw = True
1.7915 	EXP 	fixation: autoDraw = False
2.0417 	EXP 	grating: autoDraw = False
2.2259 	EXP 	Device response: <KeyPress from None: t=2.2166207500267774, value=right, duration=None>
2.2440 	DATA 	Keypress: right
2.2472 	WARNING 	t of last frame was 22.36ms (=1/44)
2.2472 	EXP 	fixation: autoDraw = False
2.2472 	EXP 	grating: autoDraw = False
2.2472 	EXP 	grating: ori = np.float64(6.0)
2.2472 	EXP 	fixation: autoDraw = True
2.3422 	EXP 	Device response: <KeyPress from None: t=2.2166207500267774, value=right, duration=0.1201604999951087>
2.7248 	INFO 	Keyboard events cleared
2.7247 	EXP 	grating: autoDraw = True
2.7452 	EXP 	fixation: autoDraw = False
3.0114 	EXP 	grating: autoDraw = False
3.2095 	EXP 	Device response: <KeyPress from None: t=3.2065545840305276, value=right, duration=None>
3.2136 	DATA 	Keypress: right
3.2168 	EXP 	fixation: autoDraw = False
3.2168 	EXP 	grating: autoDraw = False
3.2168 	EXP 	grating: ori = np.float64(4.0)
3.2168 	EXP 	fixation: autoDraw = True
3.3465 	EXP 	Device response: <KeyPress from None: t=3.2065545840305276, value=right, duration=0.13609441596781835>
3.7083 	INFO 	Keyboard events cleared
3.7082 	EXP 	grating: autoDraw = True
3.7121 	EXP 	fixation: autoDraw = False
3.9956 	EXP 	grating: autoDraw = False
4.0925 	EXP 	Device response: <KeyPress from None: t=4.087708916980773, value=right, duration=None>
4.0959 	DATA 	Keypress: right
4.0990 	EXP 	fixation: autoDraw = False
4.0990 	EXP 	grating: autoDraw = False
4.0990 	EXP 	grating: ori = np.float64(-2.0)
4.0990 	EXP 	fixation: autoDraw = True
4.1965 	EXP 	Device response: <KeyPress from None: t=4.087708916980773, value=right, duration=0.10404312500031665>
4.3425 	EXP 	Device response: <KeyPress from None: t=4.330416916985996, value=left, duration=None>
4.3467 	DATA 	Keypress: left
4.4592 	EXP 	Device response: <KeyPress from None: t=4.330416916985996, value=left, duration=0.12058687501121312>
4.5918 	INFO 	Keyboard events cleared
4.5916 	EXP 	grating: autoDraw = True
4.5962 	EXP 	fixation: autoDraw = False
4.8786 	EXP 	grating: autoDraw = False
5.0304 	EXP 	Device response: <KeyPress from None: t=5.025396500015631, value=left, duration=None>
5.0338 	DATA 	Keypress: left
5.0415 	EXP 	fixation: autoDraw = False
5.0415 	EXP 	grating: autoDraw = False
5.0415 	EXP 	grating: ori = np.float64(-1.0)
5.0415 	EXP 	fixation: autoDraw = True
5.1471 	EXP 	Device response: <KeyPress from None: t=5.025396500015631, value=left, duration=0.1203178339637816>
5.5307 	INFO 	Keyboard events cleared
5.5305 	EXP 	fixation: autoDraw = False
5.5305 	EXP 	grating: autoDraw = True
5.8290 	EXP 	grating: autoDraw = False
6.0131 	EXP 	Device response: <KeyPress from None: t=6.0084305420168675, value=right, duration=None>
6.0163 	DATA 	Keypress: right
6.0248 	EXP 	fixation: autoDraw = False
6.0248 	EXP 	grating: autoDraw = False
6.0248 	EXP 	grating: ori = np.float64(2.0)
6.0248 	EXP 	fixation: autoDraw = True
6.1260 	EXP 	Device response: <KeyPress from None: t=6.0084305420168675, value=right, duration=0.11258029198506847>
6.5087 	INFO 	Keyboard events cleared
6.5086 	EXP 	grating: autoDraw = True
6.5141 	EXP 	fixation: autoDraw = False
6.7498 	WARNING 	t of last frame was 41.31ms (=1/24)
6.7941 	EXP 	grating: autoDraw = False
7.0261 	EXP 	Device response: <KeyPress from None: t=7.022714791994076, value=right, duration=None>
7.0302 	DATA 	Keypress: right
7.0336 	EXP 	fixation: autoDraw = False
7.0336 	EXP 	grating: autoDraw = False
7.0336 	EXP 	grating: ori = np.float64(2.0)
7.0336 	EXP 	fixation: autoDraw = True
7.1426 	EXP 	Device response: <KeyPress from None: t=7.022714791994076, value=right, duration=0.11639412504155189>
7.5252 	INFO 	Keyboard events cleared
7.5250 	EXP 	grating: autoDraw = True
7.5295 	EXP 	fixation: autoDraw = False
7.8130 	EXP 	grating: autoDraw = False
7.9631 	EXP 	Device response: <KeyPress from None: t=7.959311250015162, value=right, duration=None>
7.9663 	DATA 	Keypress: right
7.9750 	EXP 	fixation: autoDraw = False
7.9750 	EXP 	grating: autoDraw = False
7.9750 	EXP 	grating: ori = np.float64(-2.0)
7.9750 	EXP 	fixation: autoDraw = True
8.0764 	EXP 	Device response: <KeyPress from None: t=7.959311250015162, value=right, duration=0.11285637499531731>
8.4585 	INFO 	Keyboard events cleared
8.4583 	EXP 	grating: autoDraw = True
8.4631 	EXP 	fixation: autoDraw = False
8.7455 	EXP 	grating: autoDraw = False
8.8764 	EXP 	Device response: <KeyPress from None: t=8.863459250016604, value=left, duration=None>
8.8813 	DATA 	Keypress: left
8.8846 	EXP 	fixation: autoDraw = False
8.8846 	EXP 	grating: autoDraw = False
8.8846 	EXP 	grating: ori = np.float64(1.0)
8.8846 	EXP 	fixation: autoDraw = True
8.9760 	EXP 	Device response: <KeyPress from None: t=8.863459250016604, value=left, duration=0.10876166698290035>
9.3750 	INFO 	Keyboard events cleared
9.3749 	EXP 	grating: autoDraw = True
9.3796 	EXP 	fixation: autoDraw = False
9.6629 	EXP 	grating: autoDraw = False
9.9095 	EXP 	Device response: <KeyPress from None: t=9.903565166983753, value=right, duration=None>
9.9148 	DATA 	Keypress: right
9.9181 	EXP 	fixation: autoDraw = False
9.9181 	EXP 	grating: autoDraw = False
9.9181 	EXP 	grating: ori = np.float64(-1.0)
9.9181 	EXP 	fixation: autoDraw = True
10.0254 	EXP 	Device response: <KeyPress from None: t=9.903565166983753, value=right, duration=0.1202722919988446>
10.1918 	WARNING 	t of last frame was 26.32ms (=1/37)
10.4037 	WARNING 	Multiple dropped frames have occurred - I'll stop bothering you about them!
10.4252 	INFO 	Keyboard events cleared
10.4250 	EXP 	fixation: autoDraw = False
10.4250 	EXP 	grating: autoDraw = True
10.7127 	EXP 	grating: autoDraw = False
18.7934 	EXP 	Device response: <KeyPress from None: t=18.779880166985095, value=right, duration=None>
18.7983 	DATA 	Keypress: right
18.8017 	EXP 	fixation: autoDraw = False
18.8017 	EXP 	grating: autoDraw = False
18.8017 	EXP 	grating: ori = np.float64(-1.5)
18.8017 	EXP 	fixation: autoDraw = True
18.9268 	EXP 	Device response: <KeyPress from None: t=18.779880166985095, value=right, duration=0.1363071670057252>
19.2922 	INFO 	Keyboard events cleared
19.2921 	EXP 	grating: autoDraw = True
19.2966 	EXP 	fixation: autoDraw = False
19.5797 	EXP 	grating: autoDraw = False
19.6598 	EXP 	Device response: <KeyPress from None: t=19.65438795898808, value=left, duration=None>
19.6638 	DATA 	Keypress: left
19.6672 	EXP 	fixation: autoDraw = False
19.6672 	EXP 	grating: autoDraw = False
19.6672 	EXP 	grating: ori = np.float64(-1.5)
19.6672 	EXP 	fixation: autoDraw = True
19.7479 	EXP 	Device response: <KeyPress from None: t=19.65438795898808, value=left, duration=0.08790066599613056>
20.1584 	INFO 	Keyboard events cleared
20.1583 	EXP 	grating: autoDraw = True
20.1623 	EXP 	fixation: autoDraw = False
20.4460 	EXP 	grating: autoDraw = False
20.7426 	EXP 	Device response: <KeyPress from None: t=20.73690479202196, value=right, duration=None>
20.7456 	DATA 	Keypress: right
20.7482 	EXP 	fixation: autoDraw = False
20.7482 	EXP 	grating: autoDraw = False
20.7482 	EXP 	grating: ori = np.float64(2.0)
20.7482 	EXP 	fixation: autoDraw = True
20.8593 	EXP 	Device response: <KeyPress from None: t=20.73690479202196, value=right, duration=0.11639099998865277>
21.2307 	INFO 	Keyboard events cleared
21.2306 	EXP 	grating: autoDraw = True
21.2481 	EXP 	fixation: autoDraw = False
21.5254 	EXP 	grating: autoDraw = False
21.6108 	EXP 	Device response: <KeyPress from None: t=21.604881417006254, value=right, duration=None>
21.6160 	EXP 	fixation: autoDraw = False
21.6160 	EXP 	grating: autoDraw = False
21.6160 	EXP 	grating: ori = np.float64(-2.0)
21.6160 	EXP 	fixation: autoDraw = True
21.6203 	DATA 	Keypress: right
21.7103 	EXP 	Device response: <KeyPress from None: t=21.604881417006254, value=right, duration=0.09232241701101884>
22.1086 	INFO 	Keyboard events cleared
22.1084 	EXP 	grating: autoDraw = True
22.1129 	EXP 	fixation: autoDraw = False
22.3960 	EXP 	grating: autoDraw = False
22.5602 	EXP 	Device response: <KeyPress from None: t=22.54887504200451, value=left, duration=None>
22.5639 	DATA 	Keypress: left
22.5667 	EXP 	fixation: autoDraw = False
22.5667 	EXP 	grating: autoDraw = False
22.5667 	EXP 	grating: ori = np.float64(-2.0)
22.5667 	EXP 	fixation: autoDraw = True
22.6476 	EXP 	Device response: <KeyPress from None: t=22.54887504200451, value=left, duration=0.09637537499656901>
23.0589 	INFO 	Keyboard events cleared
23.0588 	EXP 	grating: autoDraw = True
23.0631 	EXP 	fixation: autoDraw = False
23.3457 	EXP 	grating: autoDraw = False
23.6100 	EXP 	Device response: <KeyPress from None: t=23.608109750028234, value=left, duration=None>
23.6143 	DATA 	Keypress: left
23.6177 	EXP 	fixation: autoDraw = False
23.6177 	EXP 	grating: autoDraw = False
23.6177 	EXP 	grating: ori = np.float64(1.5)
23.6177 	EXP 	fixation: autoDraw = True
23.7012 	EXP 	Device response: <KeyPress from None: t=23.608109750028234, value=left, duration=0.09230937500251457>
24.1090 	INFO 	Keyboard events cleared
24.1089 	EXP 	grating: autoDraw = True
24.1129 	EXP 	fixation: autoDraw = False
24.3960 	EXP 	grating: autoDraw = False
24.5434 	EXP 	Device response: <KeyPress from None: t=24.538305875030346, value=right, duration=None>
24.5473 	DATA 	Keypress: right
24.5504 	EXP 	fixation: autoDraw = False
24.5504 	EXP 	grating: autoDraw = False
24.5504 	EXP 	grating: ori = np.float64(1.5)
24.5504 	EXP 	fixation: autoDraw = True
24.6766 	EXP 	Device response: <KeyPress from None: t=24.538305875030346, value=right, duration=0.12792704196181148>
25.0421 	INFO 	Keyboard events cleared
25.0420 	EXP 	grating: autoDraw = True
25.0466 	EXP 	fixation: autoDraw = False
25.3300 	EXP 	grating: autoDraw = False
25.5270 	EXP 	Device response: <KeyPress from None: t=25.523169666994363, value=right, duration=None>
25.5319 	EXP 	fixation: autoDraw = False
25.5319 	EXP 	grating: autoDraw = False
25.5319 	EXP 	grating: ori = np.float64(-1.5)
25.5319 	EXP 	fixation: autoDraw = True
25.5355 	DATA 	Keypress: right
25.6649 	EXP 	Device response: <KeyPress from None: t=25.523169666994363, value=right, duration=0.13626191701041535>
26.0257 	INFO 	Keyboard events cleared
26.0256 	EXP 	grating: autoDraw = True
26.0295 	EXP 	fixation: autoDraw = False
26.3141 	EXP 	grating: autoDraw = False
26.5105 	EXP 	Device response: <KeyPress from None: t=26.502276249986608, value=left, duration=None>
26.5147 	DATA 	Keypress: left
26.5178 	EXP 	fixation: autoDraw = False
26.5178 	EXP 	grating: autoDraw = False
26.5178 	EXP 	grating: ori = np.float64(-1.0)
26.5178 	EXP 	fixation: autoDraw = True
26.6095 	EXP 	Device response: <KeyPress from None: t=26.502276249986608, value=left, duration=0.10439654201036319>
27.0093 	INFO 	Keyboard events cleared
27.0091 	EXP 	grating: autoDraw = True
27.0136 	EXP 	fixation: autoDraw = False
27.2974 	EXP 	grating: autoDraw = False
27.5434 	EXP 	Device response: <KeyPress from None: t=27.541210666997358, value=left, duration=None>
27.5477 	EXP 	fixation: autoDraw = False
27.5477 	EXP 	grating: autoDraw = False
27.5477 	EXP 	grating: ori = np.float64(1.0)
27.5477 	EXP 	fixation: autoDraw = True
27.5507 	DATA 	Keypress: left
27.6433 	EXP 	Device response: <KeyPress from None: t=27.541210666997358, value=left, duration=0.09641674999147654>
28.0308 	INFO 	Keyboard events cleared
28.0307 	EXP 	grating: autoDraw = True
28.0424 	EXP 	fixation: autoDraw = False
28.3258 	EXP 	grating: autoDraw = False
28.8269 	EXP 	Device response: <KeyPress from None: t=28.820420042029582, value=left, duration=None>
28.8312 	DATA 	Keypress: left
28.8346 	EXP 	fixation: autoDraw = False
28.8346 	EXP 	grating: autoDraw = False
28.8346 	EXP 	grating: ori = np.float64(-1.5)
28.8346 	EXP 	fixation: autoDraw = True
28.9148 	EXP 	Device response: <KeyPress from None: t=28.820420042029582, value=left, duration=0.09189712494844571>
29.3259 	INFO 	Keyboard events cleared
29.3258 	EXP 	grating: autoDraw = True
29.3305 	EXP 	fixation: autoDraw = False
29.6133 	EXP 	grating: autoDraw = False
29.9101 	EXP 	Device response: <KeyPress from None: t=29.89699845900759, value=left, duration=None>
29.9136 	DATA 	Keypress: left
29.9170 	EXP 	fixation: autoDraw = False
29.9170 	EXP 	grating: autoDraw = False
29.9170 	EXP 	grating: ori = np.float64(-1.5)
29.9170 	EXP 	fixation: autoDraw = True
30.0268 	EXP 	Device response: <KeyPress from None: t=29.89699845900759, value=left, duration=0.1204927500220947>
30.4093 	INFO 	Keyboard events cleared
30.4092 	EXP 	grating: autoDraw = True
30.4131 	EXP 	fixation: autoDraw = False
30.6962 	EXP 	grating: autoDraw = False
30.8768 	EXP 	Device response: <KeyPress from None: t=30.87227516702842, value=left, duration=None>
30.8804 	DATA 	Keypress: left
30.8836 	EXP 	fixation: autoDraw = False
30.8836 	EXP 	grating: autoDraw = False
30.8836 	EXP 	grating: ori = np.float64(1.5)
30.8836 	EXP 	fixation: autoDraw = True
30.9806 	EXP 	Device response: <KeyPress from None: t=30.87227516702842, value=left, duration=0.10416370799066499>
31.3760 	INFO 	Keyboard events cleared
31.3759 	EXP 	grating: autoDraw = True
31.3805 	EXP 	fixation: autoDraw = False
31.6639 	EXP 	grating: autoDraw = False
31.8433 	EXP 	Device response: <KeyPress from None: t=31.840393625025172, value=right, duration=None>
31.8469 	DATA 	Keypress: right
31.8500 	EXP 	fixation: autoDraw = False
31.8500 	EXP 	grating: autoDraw = False
31.8500 	EXP 	grating: ori = np.float64(1.0)
31.8500 	EXP 	fixation: autoDraw = True
31.9604 	EXP 	Device response: <KeyPress from None: t=31.840393625025172, value=right, duration=0.10801016696495935>
32.3309 	INFO 	Keyboard events cleared
32.3308 	EXP 	grating: autoDraw = True
32.3468 	EXP 	fixation: autoDraw = False
32.6259 	EXP 	grating: autoDraw = False
32.6768 	EXP 	Device response: <KeyPress from None: t=32.672552334028296, value=right, duration=None>
32.6808 	DATA 	Keypress: right
32.6842 	EXP 	fixation: autoDraw = False
32.6842 	EXP 	grating: autoDraw = False
32.6842 	EXP 	grating: ori = np.float64(-1.0)
32.6842 	EXP 	fixation: autoDraw = True
32.7936 	EXP 	Device response: <KeyPress from None: t=32.672552334028296, value=right, duration=0.10787741595413536>
33.1760 	INFO 	Keyboard events cleared
33.1759 	EXP 	grating: autoDraw = True
33.1797 	EXP 	fixation: autoDraw = False
33.4625 	EXP 	grating: autoDraw = False
33.5938 	EXP 	Device response: <KeyPress from None: t=33.59222616703482, value=right, duration=None>
33.5980 	DATA 	Keypress: right
33.6013 	EXP 	fixation: autoDraw = False
33.6013 	EXP 	grating: autoDraw = False
33.6013 	EXP 	grating: ori = np.float64(-1.5)
33.6013 	EXP 	fixation: autoDraw = True
33.7103 	EXP 	Device response: <KeyPress from None: t=33.59222616703482, value=right, duration=0.11245845799567178>
33.8433 	EXP 	Device response: <KeyPress from None: t=33.837103875004686, value=left, duration=None>
33.8467 	DATA 	Keypress: left
33.9437 	EXP 	Device response: <KeyPress from None: t=33.837103875004686, value=left, duration=0.10059829201782122>
34.0927 	INFO 	Keyboard events cleared
34.0926 	EXP 	grating: autoDraw = True
34.0965 	EXP 	fixation: autoDraw = False
34.3795 	EXP 	grating: autoDraw = False
34.5605 	EXP 	Device response: <KeyPress from None: t=34.55128012498608, value=right, duration=None>
34.5647 	DATA 	Keypress: right
34.5681 	EXP 	fixation: autoDraw = False
34.5681 	EXP 	grating: autoDraw = False
34.5681 	EXP 	grating: ori = np.float64(-2.0)
34.5681 	EXP 	fixation: autoDraw = True
34.6811 	EXP 	Device response: <KeyPress from None: t=34.55128012498608, value=right, duration=0.12821458402322605>
35.0595 	INFO 	Keyboard events cleared
35.0594 	EXP 	grating: autoDraw = True
35.0641 	EXP 	fixation: autoDraw = False
35.3469 	EXP 	grating: autoDraw = False
35.4473 	EXP 	Device response: <KeyPress from None: t=35.44321158400271, value=right, duration=None>
35.4506 	DATA 	Keypress: right
35.4594 	EXP 	fixation: autoDraw = False
35.4594 	EXP 	grating: autoDraw = False
35.4594 	EXP 	grating: ori = np.float64(2.5)
35.4594 	EXP 	fixation: autoDraw = True
35.5772 	EXP 	Device response: <KeyPress from None: t=35.44321158400271, value=right, duration=0.1286240000044927>
35.9428 	INFO 	Keyboard events cleared
35.9427 	EXP 	grating: autoDraw = True
35.9470 	EXP 	fixation: autoDraw = False
36.2302 	EXP 	grating: autoDraw = False
36.3153 	EXP 	Device response: <KeyPress from None: t=36.31314341700636, value=left, duration=None>
36.3184 	DATA 	Keypress: left
36.3260 	EXP 	fixation: autoDraw = False
36.3260 	EXP 	grating: autoDraw = False
36.3260 	EXP 	grating: ori = np.float64(3.0)
36.3260 	EXP 	fixation: autoDraw = True
36.3987 	EXP 	Device response: <KeyPress from None: t=36.31314341700636, value=left, duration=0.08042379200924188>
36.8094 	INFO 	Keyboard events cleared
36.8092 	EXP 	grating: autoDraw = True
36.8139 	EXP 	fixation: autoDraw = False
36.8308 	EXP 	Device response: <KeyPress from None: t=36.829301166988444, value=right, duration=None>
36.8339 	DATA 	Keypress: right
36.8427 	EXP 	fixation: autoDraw = False
36.8427 	EXP 	grating: autoDraw = False
36.8427 	EXP 	grating: ori = np.float64(-3.0)
36.8427 	EXP 	fixation: autoDraw = True
36.9437 	EXP 	Device response: <KeyPress from None: t=36.829301166988444, value=right, duration=0.10861216700868681>
37.3309 	INFO 	Keyboard events cleared
37.3308 	EXP 	fixation: autoDraw = False
37.3308 	EXP 	grating: autoDraw = True
37.6261 	EXP 	grating: autoDraw = False
37.7816 	EXP 	Device response: <KeyPress from None: t=37.77824374998454, value=left, duration=None>
37.7855 	DATA 	Keypress: left
37.7927 	EXP 	fixation: autoDraw = False
37.7927 	EXP 	grating: autoDraw = False
37.7927 	EXP 	grating: ori = np.float64(3.0)
37.7927 	EXP 	fixation: autoDraw = True
37.8937 	EXP 	Device response: <KeyPress from None: t=37.77824374998454, value=left, duration=0.10421266703633592>
38.2806 	INFO 	Keyboard events cleared
38.2805 	EXP 	fixation: autoDraw = False
38.2805 	EXP 	grating: autoDraw = True
38.5764 	EXP 	grating: autoDraw = False
38.7608 	EXP 	Device response: <KeyPress from None: t=38.757444375019986, value=right, duration=None>
38.7656 	EXP 	fixation: autoDraw = False
38.7656 	EXP 	grating: autoDraw = False
38.7656 	EXP 	grating: ori = np.float64(-2.5)
38.7656 	EXP 	fixation: autoDraw = True
38.7691 	DATA 	Keypress: right
38.8604 	EXP 	Device response: <KeyPress from None: t=38.757444375019986, value=right, duration=0.09655241697328165>
39.2596 	INFO 	Keyboard events cleared
39.2595 	EXP 	grating: autoDraw = True
39.2643 	EXP 	fixation: autoDraw = False
39.5471 	EXP 	grating: autoDraw = False
39.7311 	EXP 	Device response: <KeyPress from None: t=39.72829887497937, value=left, duration=None>
39.7343 	DATA 	Keypress: left
39.7428 	EXP 	fixation: autoDraw = False
39.7428 	EXP 	grating: autoDraw = False
39.7428 	EXP 	grating: ori = np.float64(2.5)
39.7428 	EXP 	fixation: autoDraw = True
39.8436 	EXP 	Device response: <KeyPress from None: t=39.72829887497937, value=left, duration=0.10852387500926852>
40.2311 	INFO 	Keyboard events cleared
40.2310 	EXP 	fixation: autoDraw = False
40.2310 	EXP 	grating: autoDraw = True
40.5263 	EXP 	grating: autoDraw = False
40.8940 	EXP 	Device response: <KeyPress from None: t=40.887589666992426, value=right, duration=None>
40.8981 	DATA 	Keypress: right
40.9014 	EXP 	fixation: autoDraw = False
40.9014 	EXP 	grating: autoDraw = False
40.9014 	EXP 	grating: ori = np.float64(-2.5)
40.9014 	EXP 	fixation: autoDraw = True
41.0105 	EXP 	Device response: <KeyPress from None: t=40.887589666992426, value=right, duration=0.11633145803352818>
41.3930 	INFO 	Keyboard events cleared
41.3929 	EXP 	grating: autoDraw = True
41.3978 	EXP 	fixation: autoDraw = False
41.6800 	EXP 	grating: autoDraw = False
41.9106 	EXP 	Device response: <KeyPress from None: t=41.909472208993975, value=left, duration=None>
41.9139 	DATA 	Keypress: left
41.9170 	EXP 	fixation: autoDraw = False
41.9170 	EXP 	grating: autoDraw = False
41.9170 	EXP 	grating: ori = np.float64(2.0)
41.9170 	EXP 	fixation: autoDraw = True
42.0442 	EXP 	Device response: <KeyPress from None: t=41.909472208993975, value=left, duration=0.13240012503229082>
42.4097 	INFO 	Keyboard events cleared
42.4096 	EXP 	grating: autoDraw = True
42.4135 	EXP 	fixation: autoDraw = False
42.6966 	EXP 	grating: autoDraw = False
42.9643 	EXP 	Device response: <KeyPress from None: t=42.96127816702938, value=right, duration=None>
42.9678 	DATA 	Keypress: right
42.9763 	EXP 	fixation: autoDraw = False
42.9763 	EXP 	grating: autoDraw = False
42.9763 	EXP 	grating: ori = np.float64(-2.0)
42.9763 	EXP 	fixation: autoDraw = True
43.0809 	EXP 	Device response: <KeyPress from None: t=42.96127816702938, value=right, duration=0.11633341695414856>
43.4638 	INFO 	Keyboard events cleared
43.4637 	EXP 	fixation: autoDraw = False
43.4637 	EXP 	grating: autoDraw = True
43.7597 	EXP 	grating: autoDraw = False
43.8941 	EXP 	Device response: <KeyPress from None: t=43.88554666703567, value=left, duration=None>
43.8983 	DATA 	Keypress: left
43.9016 	EXP 	fixation: autoDraw = False
43.9016 	EXP 	grating: autoDraw = False
43.9016 	EXP 	grating: ori = np.float64(-2.0)
43.9016 	EXP 	fixation: autoDraw = True
43.9772 	EXP 	Device response: <KeyPress from None: t=43.88554666703567, value=left, duration=0.08005129196681082>
44.3932 	INFO 	Keyboard events cleared
44.3930 	EXP 	grating: autoDraw = True
44.3977 	EXP 	fixation: autoDraw = False
44.6802 	EXP 	grating: autoDraw = False
44.9107 	EXP 	Device response: <KeyPress from None: t=44.90265275002457, value=left, duration=None>
44.9150 	DATA 	Keypress: left
44.9182 	EXP 	fixation: autoDraw = False
44.9182 	EXP 	grating: autoDraw = False
44.9182 	EXP 	grating: ori = np.float64(-1.5)
44.9182 	EXP 	fixation: autoDraw = True
44.9985 	EXP 	Device response: <KeyPress from None: t=44.90265275002457, value=left, duration=0.09193612495437264>
45.4098 	INFO 	Keyboard events cleared
45.4097 	EXP 	grating: autoDraw = True
45.4136 	EXP 	fixation: autoDraw = False
45.6970 	EXP 	grating: autoDraw = False
46.0108 	EXP 	Device response: <KeyPress from None: t=46.00564712501364, value=left, duration=None>
46.0147 	DATA 	Keypress: left
46.0181 	EXP 	fixation: autoDraw = False
46.0181 	EXP 	grating: autoDraw = False
46.0181 	EXP 	grating: ori = np.float64(1.5)
46.0181 	EXP 	fixation: autoDraw = True
46.1274 	EXP 	Device response: <KeyPress from None: t=46.00564712501364, value=left, duration=0.11652345897164196>
46.4977 	INFO 	Keyboard events cleared
46.4976 	EXP 	grating: autoDraw = True
46.5146 	EXP 	fixation: autoDraw = False
46.7931 	EXP 	grating: autoDraw = False
47.2608 	EXP 	Device response: <KeyPress from None: t=47.252571624994744, value=right, duration=None>
47.2647 	DATA 	Keypress: right
47.2678 	EXP 	fixation: autoDraw = False
47.2678 	EXP 	grating: autoDraw = False
47.2678 	EXP 	grating: ori = np.float64(1.5)
47.2678 	EXP 	fixation: autoDraw = True
47.3776 	EXP 	Device response: <KeyPress from None: t=47.252571624994744, value=right, duration=0.12060399999609217>
47.7599 	INFO 	Keyboard events cleared
47.7598 	EXP 	grating: autoDraw = True
47.7635 	EXP 	fixation: autoDraw = False
48.0469 	EXP 	grating: autoDraw = False
48.2775 	EXP 	Device response: <KeyPress from None: t=48.265406834019814, value=right, duration=None>
48.2815 	DATA 	Keypress: right
48.2848 	EXP 	fixation: autoDraw = False
48.2848 	EXP 	grating: autoDraw = False
48.2848 	EXP 	grating: ori = np.float64(1.0)
48.2848 	EXP 	fixation: autoDraw = True
48.3443 	EXP 	Device response: <KeyPress from None: t=48.265406834019814, value=right, duration=0.07662304100813344>
48.7766 	INFO 	Keyboard events cleared
48.7765 	EXP 	grating: autoDraw = True
48.7804 	EXP 	fixation: autoDraw = False
49.0640 	EXP 	grating: autoDraw = False
49.3443 	EXP 	Device response: <KeyPress from None: t=49.34173241700046, value=left, duration=None>
49.3483 	DATA 	Keypress: left
49.3518 	EXP 	fixation: autoDraw = False
49.3518 	EXP 	grating: autoDraw = False
49.3518 	EXP 	grating: ori = np.float64(-1.5)
49.3518 	EXP 	fixation: autoDraw = True
49.4479 	EXP 	Device response: <KeyPress from None: t=49.34173241700046, value=left, duration=0.10401958302827552>
49.8431 	INFO 	Keyboard events cleared
49.8430 	EXP 	grating: autoDraw = True
49.8477 	EXP 	fixation: autoDraw = False
50.1302 	EXP 	grating: autoDraw = False
50.2604 	EXP 	Device response: <KeyPress from None: t=50.25254287500866, value=left, duration=None>
50.2632 	DATA 	Keypress: left
50.2657 	EXP 	fixation: autoDraw = False
50.2657 	EXP 	grating: autoDraw = False
50.2657 	EXP 	grating: ori = np.float64(-1.5)
50.2657 	EXP 	fixation: autoDraw = True
50.3315 	EXP 	Device response: <KeyPress from None: t=50.25254287500866, value=left, duration=0.07621083396952599>
50.7595 	INFO 	Keyboard events cleared
50.7594 	EXP 	grating: autoDraw = True
50.7634 	EXP 	fixation: autoDraw = False
51.0471 	EXP 	grating: autoDraw = False
51.4654 	EXP 	Device response: <KeyPress from None: t=51.46253512502881, value=left, duration=None>
51.4688 	DATA 	Keypress: left
51.4766 	EXP 	fixation: autoDraw = False
51.4766 	EXP 	grating: autoDraw = False
51.4766 	EXP 	grating: ori = np.float64(-1.5)
51.4766 	EXP 	fixation: autoDraw = True
51.5610 	EXP 	Device response: <KeyPress from None: t=51.46253512502881, value=left, duration=0.09251687495270744>
51.9640 	INFO 	Keyboard events cleared
51.9639 	EXP 	fixation: autoDraw = False
51.9639 	EXP 	grating: autoDraw = True
52.2602 	EXP 	grating: autoDraw = False
52.3483 	EXP 	Device response: <KeyPress from None: t=52.34448537498247, value=left, duration=None>
52.3515 	DATA 	Keypress: left
52.3599 	EXP 	fixation: autoDraw = False
52.3599 	EXP 	grating: autoDraw = False
52.3599 	EXP 	grating: ori = np.float64(-1.0)
52.3599 	EXP 	fixation: autoDraw = True
52.3979 	EXP 	Device response: <KeyPress from None: t=52.34448537498247, value=left, duration=0.05233212502207607>
52.8435 	INFO 	Keyboard events cleared
52.8433 	EXP 	grating: autoDraw = True
52.8481 	EXP 	fixation: autoDraw = False
53.1309 	EXP 	grating: autoDraw = False
53.4276 	EXP 	Device response: <KeyPress from None: t=53.41645912500098, value=left, duration=None>
53.4315 	DATA 	Keypress: left
53.4347 	EXP 	fixation: autoDraw = False
53.4347 	EXP 	grating: autoDraw = False
53.4347 	EXP 	grating: ori = np.float64(1.0)
53.4347 	EXP 	fixation: autoDraw = True
53.5149 	EXP 	Device response: <KeyPress from None: t=53.41645912500098, value=left, duration=0.09635591699043289>
53.9268 	INFO 	Keyboard events cleared
53.9267 	EXP 	grating: autoDraw = True
53.9307 	EXP 	fixation: autoDraw = False
54.2143 	EXP 	grating: autoDraw = False
54.2278 	EXP 	Device response: <KeyPress from None: t=54.22105912503321, value=left, duration=None>
54.2321 	DATA 	Keypress: left
54.2355 	EXP 	fixation: autoDraw = False
54.2355 	EXP 	grating: autoDraw = False
54.2355 	EXP 	grating: ori = np.float64(1.5)
54.2355 	EXP 	fixation: autoDraw = True
54.2992 	EXP 	Device response: <KeyPress from None: t=54.22105912503321, value=left, duration=0.07572179194539785>
54.7269 	INFO 	Keyboard events cleared
54.7268 	EXP 	grating: autoDraw = True
54.7311 	EXP 	fixation: autoDraw = False
55.0141 	EXP 	grating: autoDraw = False
55.2281 	EXP 	Device response: <KeyPress from None: t=55.22376866702689, value=right, duration=None>
55.2321 	DATA 	Keypress: right
55.2353 	EXP 	fixation: autoDraw = False
55.2353 	EXP 	grating: autoDraw = False
55.2353 	EXP 	grating: ori = np.float64(-1.5)
55.2353 	EXP 	fixation: autoDraw = True
55.3147 	EXP 	Device response: <KeyPress from None: t=55.22376866702689, value=right, duration=0.08806408295640722>
55.7269 	INFO 	Keyboard events cleared
55.7268 	EXP 	grating: autoDraw = True
55.7308 	EXP 	fixation: autoDraw = False
56.0142 	EXP 	grating: autoDraw = False
56.4613 	EXP 	Device response: <KeyPress from None: t=56.44857270899229, value=right, duration=None>
56.4650 	DATA 	Keypress: right
56.4682 	EXP 	fixation: autoDraw = False
56.4682 	EXP 	grating: autoDraw = False
56.4682 	EXP 	grating: ori = np.float64(2.0)
56.4682 	EXP 	fixation: autoDraw = True
56.5776 	EXP 	Device response: <KeyPress from None: t=56.44857270899229, value=right, duration=0.12026995798805729>
56.9603 	INFO 	Keyboard events cleared
56.9602 	EXP 	grating: autoDraw = True
56.9646 	EXP 	fixation: autoDraw = False
57.2468 	EXP 	grating: autoDraw = False
57.3282 	EXP 	Device response: <KeyPress from None: t=57.31753875000868, value=right, duration=None>
57.3327 	DATA 	Keypress: right
57.3360 	EXP 	fixation: autoDraw = False
57.3360 	EXP 	grating: autoDraw = False
57.3360 	EXP 	grating: ori = np.float64(2.0)
57.3360 	EXP 	fixation: autoDraw = True
57.4445 	EXP 	Device response: <KeyPress from None: t=57.31753875000868, value=right, duration=0.1207902500173077>
57.8269 	INFO 	Keyboard events cleared
57.8268 	EXP 	grating: autoDraw = True
57.8313 	EXP 	fixation: autoDraw = False
58.1142 	EXP 	grating: autoDraw = False
58.1947 	EXP 	Device response: <KeyPress from None: t=58.18255654198583, value=right, duration=None>
58.1991 	DATA 	Keypress: right
58.2025 	EXP 	fixation: autoDraw = False
58.2025 	EXP 	grating: autoDraw = False
58.2025 	EXP 	grating: ori = np.float64(-2.0)
58.2025 	EXP 	fixation: autoDraw = True
58.2990 	EXP 	Device response: <KeyPress from None: t=58.18255654198583, value=right, duration=0.11235691700130701>
58.6936 	INFO 	Keyboard events cleared
58.6935 	EXP 	grating: autoDraw = True
58.6972 	EXP 	fixation: autoDraw = False
58.9782 	EXP 	Device response: <KeyPress from None: t=58.968703375023324, value=right, duration=None>
58.9821 	DATA 	Keypress: right
58.9852 	EXP 	grating: autoDraw = False
58.9852 	EXP 	fixation: autoDraw = False
58.9852 	EXP 	grating: autoDraw = False
58.9852 	EXP 	grating: ori = np.float64(2.5)
58.9852 	EXP 	fixation: autoDraw = True
59.0659 	EXP 	Device response: <KeyPress from None: t=58.968703375023324, value=right, duration=0.09224133397219703>
59.4771 	INFO 	Keyboard events cleared
59.4770 	EXP 	grating: autoDraw = True
59.4814 	EXP 	fixation: autoDraw = False
59.7644 	EXP 	grating: autoDraw = False
59.8444 	EXP 	Device response: <KeyPress from None: t=59.83896304201335, value=right, duration=None>
59.8481 	DATA 	Keypress: right
59.8512 	EXP 	fixation: autoDraw = False
59.8512 	EXP 	grating: autoDraw = False
59.8512 	EXP 	grating: ori = np.float64(-2.5)
59.8512 	EXP 	fixation: autoDraw = True
59.9650 	EXP 	Device response: <KeyPress from None: t=59.83896304201335, value=right, duration=0.12401916697854176>
60.3325 	INFO 	Keyboard events cleared
60.3325 	EXP 	grating: autoDraw = True
60.3474 	EXP 	fixation: autoDraw = False
60.6309 	EXP 	grating: autoDraw = False
60.6948 	EXP 	Device response: <KeyPress from None: t=60.685962875024416, value=left, duration=None>
60.6988 	DATA 	Keypress: left
60.7022 	EXP 	fixation: autoDraw = False
60.7022 	EXP 	grating: autoDraw = False
60.7022 	EXP 	grating: ori = np.float64(-2.5)
60.7022 	EXP 	fixation: autoDraw = True
60.7613 	EXP 	Device response: <KeyPress from None: t=60.685962875024416, value=left, duration=0.07237374997930601>
61.1937 	INFO 	Keyboard events cleared
61.1936 	EXP 	grating: autoDraw = True
61.1974 	EXP 	fixation: autoDraw = False
61.4813 	EXP 	grating: autoDraw = False
61.7446 	EXP 	Device response: <KeyPress from None: t=61.74110541702248, value=right, duration=None>
61.7482 	DATA 	Keypress: right
61.7515 	EXP 	fixation: autoDraw = False
61.7515 	EXP 	grating: autoDraw = False
61.7515 	EXP 	grating: ori = np.float64(-3.0)
61.7515 	EXP 	fixation: autoDraw = True
61.8277 	EXP 	Device response: <KeyPress from None: t=61.74110541702248, value=right, duration=0.0799057079711929>
62.2438 	INFO 	Keyboard events cleared
62.2437 	EXP 	grating: autoDraw = True
62.2477 	EXP 	fixation: autoDraw = False
62.5320 	EXP 	grating: autoDraw = False
62.7782 	EXP 	Device response: <KeyPress from None: t=62.774153999984264, value=left, duration=None>
62.7821 	DATA 	Keypress: left
62.7856 	EXP 	fixation: autoDraw = False
62.7856 	EXP 	grating: autoDraw = False
62.7856 	EXP 	grating: ori = np.float64(-3.0)
62.7856 	EXP 	fixation: autoDraw = True
62.8781 	EXP 	Device response: <KeyPress from None: t=62.774153999984264, value=left, duration=0.10019045899389312>
63.2771 	INFO 	Keyboard events cleared
63.2770 	EXP 	grating: autoDraw = True
63.2808 	EXP 	fixation: autoDraw = False
63.5645 	EXP 	grating: autoDraw = False
63.5948 	EXP 	Device response: <KeyPress from None: t=63.582734292023815, value=left, duration=None>
63.5986 	DATA 	Keypress: left
63.6017 	EXP 	fixation: autoDraw = False
63.6017 	EXP 	grating: autoDraw = False
63.6017 	EXP 	grating: ori = np.float64(-3.0)
63.6017 	EXP 	fixation: autoDraw = True
63.6613 	EXP 	Device response: <KeyPress from None: t=63.582734292023815, value=left, duration=0.06824279198190197>
64.0938 	INFO 	Keyboard events cleared
64.0937 	EXP 	grating: autoDraw = True
64.0975 	EXP 	fixation: autoDraw = False
64.3818 	EXP 	grating: autoDraw = False
64.5614 	EXP 	Device response: <KeyPress from None: t=64.55606120900484, value=left, duration=None>
64.5654 	DATA 	Keypress: left
64.5688 	EXP 	fixation: autoDraw = False
64.5688 	EXP 	grating: autoDraw = False
64.5688 	EXP 	grating: ori = np.float64(-2.5)
64.5688 	EXP 	fixation: autoDraw = True
64.6446 	EXP 	Device response: <KeyPress from None: t=64.55606120900484, value=left, duration=0.08436195802642033>
65.0607 	INFO 	Keyboard events cleared
65.0605 	EXP 	grating: autoDraw = True
65.0655 	EXP 	fixation: autoDraw = False
65.3474 	EXP 	grating: autoDraw = False
65.4282 	EXP 	Device response: <KeyPress from None: t=65.41670516697923, value=left, duration=None>
65.4319 	DATA 	Keypress: left
65.4351 	EXP 	fixation: autoDraw = False
65.4351 	EXP 	grating: autoDraw = False
65.4351 	EXP 	grating: ori = np.float64(2.5)
65.4351 	EXP 	fixation: autoDraw = True
65.4950 	EXP 	Device response: <KeyPress from None: t=65.41670516697923, value=left, duration=0.07276216702302918>
65.9272 	INFO 	Keyboard events cleared
65.9271 	EXP 	grating: autoDraw = True
65.9309 	EXP 	fixation: autoDraw = False
66.2147 	EXP 	grating: autoDraw = False
66.3948 	EXP 	Device response: <KeyPress from None: t=66.39117125002667, value=right, duration=None>
66.3984 	DATA 	Keypress: right
66.4019 	EXP 	fixation: autoDraw = False
66.4019 	EXP 	grating: autoDraw = False
66.4019 	EXP 	grating: ori = np.float64(-2.5)
66.4019 	EXP 	fixation: autoDraw = True
66.5283 	EXP 	Device response: <KeyPress from None: t=66.39117125002667, value=right, duration=0.12804083398077637>
66.8939 	INFO 	Keyboard events cleared
66.8938 	EXP 	grating: autoDraw = True
66.8978 	EXP 	fixation: autoDraw = False
67.1815 	EXP 	grating: autoDraw = False
67.2154 	EXP 	Device response: <KeyPress from None: t=67.21087945898762, value=right, duration=None>
67.2185 	DATA 	Keypress: right
67.2272 	EXP 	fixation: autoDraw = False
67.2272 	EXP 	grating: autoDraw = False
67.2272 	EXP 	grating: ori = np.float64(3.0)
67.2272 	EXP 	fixation: autoDraw = True
67.3152 	EXP 	Device response: <KeyPress from None: t=67.21087945898762, value=right, duration=0.10025858302833512>
67.7150 	INFO 	Keyboard events cleared
67.7149 	EXP 	fixation: autoDraw = False
67.7149 	EXP 	grating: autoDraw = True
68.0106 	EXP 	grating: autoDraw = False
68.4152 	EXP 	Device response: <KeyPress from None: t=68.41173962497851, value=right, duration=None>
68.4183 	DATA 	Keypress: right
68.4272 	EXP 	fixation: autoDraw = False
68.4272 	EXP 	grating: autoDraw = False
68.4272 	EXP 	grating: ori = np.float64(-3.0)
68.4272 	EXP 	fixation: autoDraw = True
68.5449 	EXP 	Device response: <KeyPress from None: t=68.41173962497851, value=right, duration=0.12890470901038498>
68.9110 	INFO 	Keyboard events cleared
68.9108 	EXP 	grating: autoDraw = True
68.9162 	EXP 	fixation: autoDraw = False
69.1978 	EXP 	grating: autoDraw = False
69.3783 	EXP 	Device response: <KeyPress from None: t=69.3689700840041, value=left, duration=None>
69.3821 	DATA 	Keypress: left
69.3852 	EXP 	fixation: autoDraw = False
69.3852 	EXP 	grating: autoDraw = False
69.3852 	EXP 	grating: ori = np.float64(3.0)
69.3852 	EXP 	fixation: autoDraw = True
69.4486 	EXP 	Device response: <KeyPress from None: t=69.3689700840041, value=left, duration=0.07612862501991913>
69.8774 	INFO 	Keyboard events cleared
69.8772 	EXP 	grating: autoDraw = True
69.8814 	EXP 	fixation: autoDraw = False
70.1646 	EXP 	grating: autoDraw = False
70.3115 	EXP 	Device response: <KeyPress from None: t=70.30711812502705, value=right, duration=None>
70.3157 	DATA 	Keypress: right
70.3189 	EXP 	fixation: autoDraw = False
70.3189 	EXP 	grating: autoDraw = False
70.3189 	EXP 	grating: ori = np.float64(-2.5)
70.3189 	EXP 	fixation: autoDraw = True
70.4286 	EXP 	Device response: <KeyPress from None: t=70.30711812502705, value=right, duration=0.11639620899222791>
70.8107 	INFO 	Keyboard events cleared
70.8106 	EXP 	grating: autoDraw = True
70.8145 	EXP 	fixation: autoDraw = False
71.0990 	EXP 	grating: autoDraw = False
71.2117 	EXP 	Device response: <KeyPress from None: t=71.2091623750166, value=left, duration=None>
71.2154 	DATA 	Keypress: left
71.2186 	EXP 	fixation: autoDraw = False
71.2186 	EXP 	grating: autoDraw = False
71.2186 	EXP 	grating: ori = np.float64(2.5)
71.2186 	EXP 	fixation: autoDraw = True
71.2785 	EXP 	Device response: <KeyPress from None: t=71.2091623750166, value=left, duration=0.05610133399022743>
71.7108 	INFO 	Keyboard events cleared
71.7107 	EXP 	grating: autoDraw = True
71.7149 	EXP 	fixation: autoDraw = False
71.9784 	EXP 	Device response: <KeyPress from None: t=71.97616000002017, value=right, duration=None>
71.9820 	DATA 	Keypress: right
71.9854 	EXP 	fixation: autoDraw = False
71.9854 	EXP 	grating: autoDraw = False
71.9854 	EXP 	grating: ori = np.float64(2.5)
71.9854 	EXP 	fixation: autoDraw = True
72.0950 	EXP 	Device response: <KeyPress from None: t=71.97616000002017, value=right, duration=0.10799804195994511>
72.4775 	INFO 	Keyboard events cleared
72.4774 	EXP 	grating: autoDraw = True
72.4812 	EXP 	fixation: autoDraw = False
72.7657 	EXP 	grating: autoDraw = False
72.9284 	EXP 	Device response: <KeyPress from None: t=72.92516954202438, value=right, duration=None>
72.9329 	EXP 	fixation: autoDraw = False
72.9329 	EXP 	grating: autoDraw = False
72.9329 	EXP 	grating: ori = np.float64(2.0)
72.9329 	EXP 	fixation: autoDraw = True
72.9355 	DATA 	Keypress: right
73.0619 	EXP 	Device response: <KeyPress from None: t=72.92516954202438, value=right, duration=0.12414545798674226>
73.4276 	INFO 	Keyboard events cleared
73.4274 	EXP 	grating: autoDraw = True
73.4323 	EXP 	fixation: autoDraw = False
73.7153 	EXP 	grating: autoDraw = False
74.0496 	EXP 	Device response: <KeyPress from None: t=74.04604166699573, value=right, duration=None>
74.0534 	DATA 	Keypress: right
74.0607 	EXP 	fixation: autoDraw = False
74.0607 	EXP 	grating: autoDraw = False
74.0607 	EXP 	grating: ori = np.float64(-2.0)
74.0607 	EXP 	fixation: autoDraw = True
74.1487 	EXP 	Device response: <KeyPress from None: t=74.04604166699573, value=right, duration=0.10014833300374448>
74.5487 	INFO 	Keyboard events cleared
74.5486 	EXP 	fixation: autoDraw = False
74.5486 	EXP 	grating: autoDraw = True
74.8439 	EXP 	grating: autoDraw = False
75.1286 	EXP 	Device response: <KeyPress from None: t=75.11594991700258, value=left, duration=None>
75.1331 	DATA 	Keypress: left
75.1364 	EXP 	fixation: autoDraw = False
75.1364 	EXP 	grating: autoDraw = False
75.1364 	EXP 	grating: ori = np.float64(-2.0)
75.1364 	EXP 	fixation: autoDraw = True
75.1951 	EXP 	Device response: <KeyPress from None: t=75.11594991700258, value=left, duration=0.07271683297585696>
75.6277 	INFO 	Keyboard events cleared
75.6276 	EXP 	grating: autoDraw = True
75.6315 	EXP 	fixation: autoDraw = False
75.9154 	EXP 	grating: autoDraw = False
76.0118 	EXP 	Device response: <KeyPress from None: t=75.9989636670216, value=left, duration=None>
76.0158 	DATA 	Keypress: left
76.0191 	EXP 	fixation: autoDraw = False
76.0191 	EXP 	grating: autoDraw = False
76.0191 	EXP 	grating: ori = np.float64(1.5)
76.0191 	EXP 	fixation: autoDraw = True
76.0782 	EXP 	Device response: <KeyPress from None: t=75.9989636670216, value=left, duration=0.07633849995909259>
76.5110 	INFO 	Keyboard events cleared
76.5109 	EXP 	grating: autoDraw = True
76.5155 	EXP 	fixation: autoDraw = False
76.7985 	EXP 	grating: autoDraw = False
76.9786 	EXP 	Device response: <KeyPress from None: t=76.9669370839838, value=right, duration=None>
76.9824 	DATA 	Keypress: right
76.9856 	EXP 	fixation: autoDraw = False
76.9856 	EXP 	grating: autoDraw = False
76.9856 	EXP 	grating: ori = np.float64(1.5)
76.9856 	EXP 	fixation: autoDraw = True
77.1005 	EXP 	Device response: <KeyPress from None: t=76.9669370839838, value=right, duration=0.1283725830144249>
77.4777 	INFO 	Keyboard events cleared
77.4776 	EXP 	grating: autoDraw = True
77.4820 	EXP 	fixation: autoDraw = False
77.7657 	EXP 	grating: autoDraw = False
77.9453 	EXP 	Device response: <KeyPress from None: t=77.94413745898055, value=right, duration=None>
77.9489 	DATA 	Keypress: right
77.9520 	EXP 	fixation: autoDraw = False
77.9520 	EXP 	grating: autoDraw = False
77.9520 	EXP 	grating: ori = np.float64(-1.5)
77.9520 	EXP 	fixation: autoDraw = True
78.0623 	EXP 	Device response: <KeyPress from None: t=77.94413745898055, value=right, duration=0.11637912504374981>
78.4444 	INFO 	Keyboard events cleared
78.4443 	EXP 	grating: autoDraw = True
78.4480 	EXP 	fixation: autoDraw = False
78.7322 	EXP 	grating: autoDraw = False
78.8620 	EXP 	Device response: <KeyPress from None: t=78.84900220902637, value=left, duration=None>
78.8657 	DATA 	Keypress: left
78.8688 	EXP 	fixation: autoDraw = False
78.8688 	EXP 	grating: autoDraw = False
78.8688 	EXP 	grating: ori = np.float64(1.0)
78.8688 	EXP 	fixation: autoDraw = True
78.9454 	EXP 	Device response: <KeyPress from None: t=78.84900220902637, value=left, duration=0.0844125829753466>
79.3613 	INFO 	Keyboard events cleared
79.3612 	EXP 	grating: autoDraw = True
79.3655 	EXP 	fixation: autoDraw = False
79.6478 	EXP 	grating: autoDraw = False
79.8954 	EXP 	Device response: <KeyPress from None: t=79.88504962500883, value=right, duration=None>
79.8984 	DATA 	Keypress: right
79.9015 	EXP 	fixation: autoDraw = False
79.9015 	EXP 	grating: autoDraw = False
79.9015 	EXP 	grating: ori = np.float64(-1.0)
79.9015 	EXP 	fixation: autoDraw = True
79.9781 	EXP 	Device response: <KeyPress from None: t=79.88504962500883, value=right, duration=0.08028245897730812>
80.3941 	INFO 	Keyboard events cleared
80.3939 	EXP 	grating: autoDraw = True
80.3983 	EXP 	fixation: autoDraw = False
80.6812 	EXP 	grating: autoDraw = False
80.8652 	EXP 	Device response: <KeyPress from None: t=80.8640369590139, value=right, duration=None>
80.8672 	DATA 	Keypress: right
80.8771 	EXP 	fixation: autoDraw = False
80.8771 	EXP 	grating: autoDraw = False
80.8771 	EXP 	grating: ori = np.float64(-1.5)
80.8771 	EXP 	fixation: autoDraw = True
81.0158 	EXP 	Device response: <KeyPress from None: t=80.8640369590139, value=right, duration=0.14826541597722098>
81.3608 	INFO 	Keyboard events cleared
81.3607 	EXP 	grating: autoDraw = True
81.3648 	EXP 	fixation: autoDraw = False
81.6485 	EXP 	grating: autoDraw = False
82.1956 	EXP 	Device response: <KeyPress from None: t=82.18851570901461, value=left, duration=None>
82.1996 	DATA 	Keypress: left
82.2030 	EXP 	fixation: autoDraw = False
82.2030 	EXP 	grating: autoDraw = False
82.2030 	EXP 	grating: ori = np.float64(-1.5)
82.2030 	EXP 	fixation: autoDraw = True
82.2831 	EXP 	Device response: <KeyPress from None: t=82.18851570901461, value=left, duration=0.09193024999694899>
82.6946 	INFO 	Keyboard events cleared
82.6945 	EXP 	grating: autoDraw = True
82.6982 	EXP 	fixation: autoDraw = False
82.9821 	EXP 	grating: autoDraw = False
83.1998 	EXP 	Device response: <KeyPress from None: t=83.1970728749875, value=left, duration=None>
83.2035 	DATA 	Keypress: left
83.2111 	EXP 	fixation: autoDraw = False
83.2111 	EXP 	grating: autoDraw = False
83.2111 	EXP 	grating: ori = np.float64(1.5)
83.2111 	EXP 	fixation: autoDraw = True
83.2826 	EXP 	Device response: <KeyPress from None: t=83.1970728749875, value=left, duration=0.08432241703849286>
83.6986 	INFO 	Keyboard events cleared
83.6985 	EXP 	fixation: autoDraw = False
83.6985 	EXP 	grating: autoDraw = True
83.9947 	EXP 	grating: autoDraw = False
84.4790 	EXP 	Device response: <KeyPress from None: t=84.47134770901175, value=right, duration=None>
84.4833 	DATA 	Keypress: right
84.4867 	EXP 	fixation: autoDraw = False
84.4867 	EXP 	grating: autoDraw = False
84.4867 	EXP 	grating: ori = np.float64(-1.0)
84.4867 	EXP 	fixation: autoDraw = True
84.6124 	EXP 	Device response: <KeyPress from None: t=84.47134770901175, value=right, duration=0.13635529100429267>
84.9778 	INFO 	Keyboard events cleared
84.9777 	EXP 	grating: autoDraw = True
84.9825 	EXP 	fixation: autoDraw = False
85.2659 	EXP 	grating: autoDraw = False
85.4958 	EXP 	Device response: <KeyPress from None: t=85.4934087920119, value=left, duration=None>
85.4992 	DATA 	Keypress: left
85.5026 	EXP 	fixation: autoDraw = False
85.5026 	EXP 	grating: autoDraw = False
85.5026 	EXP 	grating: ori = np.float64(1.0)
85.5026 	EXP 	fixation: autoDraw = True
85.6125 	EXP 	Device response: <KeyPress from None: t=85.4934087920119, value=left, duration=0.11631516698980704>
85.9945 	INFO 	Keyboard events cleared
85.9943 	EXP 	grating: autoDraw = True
85.9991 	EXP 	fixation: autoDraw = False
86.2821 	EXP 	grating: autoDraw = False
86.6335 	EXP 	Device response: <KeyPress from None: t=86.63019662501756, value=right, duration=None>
86.6373 	DATA 	Keypress: right
86.6446 	EXP 	fixation: autoDraw = False
86.6446 	EXP 	grating: autoDraw = False
86.6446 	EXP 	grating: ori = np.float64(1.0)
86.6446 	EXP 	fixation: autoDraw = True
86.7626 	EXP 	Device response: <KeyPress from None: t=86.63019662501756, value=right, duration=0.1288034999743104>
87.1321 	INFO 	Keyboard events cleared
87.1320 	EXP 	fixation: autoDraw = False
87.1320 	EXP 	grating: autoDraw = True
87.4280 	EXP 	grating: autoDraw = False
87.8457 	EXP 	Device response: <KeyPress from None: t=87.84264416701626, value=right, duration=None>
87.8496 	DATA 	Keypress: right
87.8528 	EXP 	fixation: autoDraw = False
87.8528 	EXP 	grating: autoDraw = False
87.8528 	EXP 	grating: ori = np.float64(1.0)
87.8528 	EXP 	fixation: autoDraw = True
87.9792 	EXP 	Device response: <KeyPress from None: t=87.84264416701626, value=right, duration=0.13221195799997076>
88.3449 	INFO 	Keyboard events cleared
88.3447 	EXP 	grating: autoDraw = True
88.3489 	EXP 	fixation: autoDraw = False
88.6320 	EXP 	grating: autoDraw = False
88.8956 	EXP 	Device response: <KeyPress from None: t=88.89441424998222, value=right, duration=None>
88.8996 	DATA 	Keypress: right
88.9029 	EXP 	fixation: autoDraw = False
88.9029 	EXP 	grating: autoDraw = False
88.9029 	EXP 	grating: ori = np.float64(-1.0)
88.9029 	EXP 	fixation: autoDraw = True
89.0127 	EXP 	Device response: <KeyPress from None: t=88.89441424998222, value=right, duration=0.1163739170297049>
89.3838 	INFO 	Keyboard events cleared
89.3837 	EXP 	grating: autoDraw = True
89.3994 	EXP 	fixation: autoDraw = False
89.6817 	EXP 	grating: autoDraw = False
89.9127 	EXP 	Device response: <KeyPress from None: t=89.90459245903185, value=left, duration=None>
89.9166 	DATA 	Keypress: left
89.9200 	EXP 	fixation: autoDraw = False
89.9200 	EXP 	grating: autoDraw = False
89.9200 	EXP 	grating: ori = np.float64(1.0)
89.9200 	EXP 	fixation: autoDraw = True
90.0458 	EXP 	Device response: <KeyPress from None: t=89.90459245903185, value=left, duration=0.13214779098052531>
90.4115 	INFO 	Keyboard events cleared
90.4114 	EXP 	grating: autoDraw = True
90.4155 	EXP 	fixation: autoDraw = False
90.6989 	EXP 	grating: autoDraw = False
90.9501 	EXP 	Device response: <KeyPress from None: t=90.94824062503176, value=right, duration=None>
90.9533 	DATA 	Keypress: right
90.9613 	EXP 	fixation: autoDraw = False
90.9613 	EXP 	grating: autoDraw = False
90.9613 	EXP 	grating: ori = np.float64(1.0)
90.9613 	EXP 	fixation: autoDraw = True
91.0831 	EXP 	Device response: <KeyPress from None: t=90.94824062503176, value=right, duration=0.1323452499927953>
91.4449 	INFO 	Keyboard events cleared
91.4448 	EXP 	grating: autoDraw = True
91.4485 	EXP 	fixation: autoDraw = False
91.7323 	EXP 	grating: autoDraw = False
91.8291 	EXP 	Device response: <KeyPress from None: t=91.82160733401543, value=left, duration=None>
91.8331 	DATA 	Keypress: left
91.8364 	EXP 	fixation: autoDraw = False
91.8364 	EXP 	grating: autoDraw = False
91.8364 	EXP 	grating: ori = np.float64(1.5)
91.8364 	EXP 	fixation: autoDraw = True
91.9126 	EXP 	Device response: <KeyPress from None: t=91.82160733401543, value=left, duration=0.08001691597746685>
92.3282 	INFO 	Keyboard events cleared
92.3281 	EXP 	grating: autoDraw = True
92.3328 	EXP 	fixation: autoDraw = False
92.6157 	EXP 	grating: autoDraw = False
92.6330 	EXP 	Device response: <KeyPress from None: t=92.6312622090336, value=right, duration=None>
92.6364 	DATA 	Keypress: right
92.6447 	EXP 	fixation: autoDraw = False
92.6447 	EXP 	grating: autoDraw = False
92.6447 	EXP 	grating: ori = np.float64(-1.5)
92.6447 	EXP 	fixation: autoDraw = True
92.7494 	EXP 	Device response: <KeyPress from None: t=92.6312622090336, value=right, duration=0.11636529094539583>
93.1283 	INFO 	Keyboard events cleared
93.1282 	EXP 	grating: autoDraw = True
93.1323 	EXP 	fixation: autoDraw = False
93.4153 	EXP 	grating: autoDraw = False
93.5458 	EXP 	Device response: <KeyPress from None: t=93.54272470902652, value=left, duration=None>
93.5497 	DATA 	Keypress: left
93.5528 	EXP 	fixation: autoDraw = False
93.5528 	EXP 	grating: autoDraw = False
93.5528 	EXP 	grating: ori = np.float64(-1.5)
93.5528 	EXP 	fixation: autoDraw = True
93.6626 	EXP 	Device response: <KeyPress from None: t=93.54272470902652, value=left, duration=0.116344082984142>
94.0449 	INFO 	Keyboard events cleared
94.0448 	EXP 	grating: autoDraw = True
94.0488 	EXP 	fixation: autoDraw = False
94.3330 	EXP 	grating: autoDraw = False
94.5128 	EXP 	Device response: <KeyPress from None: t=94.50230191700393, value=left, duration=None>
94.5169 	DATA 	Keypress: left
94.5202 	EXP 	fixation: autoDraw = False
94.5202 	EXP 	grating: autoDraw = False
94.5202 	EXP 	grating: ori = np.float64(1.0)
94.5202 	EXP 	fixation: autoDraw = True
94.5835 	EXP 	Device response: <KeyPress from None: t=94.50230191700393, value=left, duration=0.07638141699135303>
95.0116 	INFO 	Keyboard events cleared
95.0115 	EXP 	grating: autoDraw = True
95.0159 	EXP 	fixation: autoDraw = False
95.3000 	EXP 	grating: autoDraw = False
95.5294 	EXP 	Device response: <KeyPress from None: t=95.52369708399056, value=right, duration=None>
95.5336 	DATA 	Keypress: right
95.5370 	EXP 	fixation: autoDraw = False
95.5370 	EXP 	grating: autoDraw = False
95.5370 	EXP 	grating: ori = np.float64(-1.0)
95.5370 	EXP 	fixation: autoDraw = True
95.6459 	EXP 	Device response: <KeyPress from None: t=95.52369708399056, value=right, duration=0.11201533302664757>
96.0283 	INFO 	Keyboard events cleared
96.0282 	EXP 	grating: autoDraw = True
96.0322 	EXP 	fixation: autoDraw = False
96.3161 	EXP 	grating: autoDraw = False
96.9129 	EXP 	Device response: <KeyPress from None: t=96.91154325002572, value=right, duration=None>
96.9177 	EXP 	fixation: autoDraw = False
96.9177 	EXP 	grating: autoDraw = False
96.9177 	EXP 	grating: ori = np.float64(1.5)
96.9177 	EXP 	fixation: autoDraw = True
96.9206 	DATA 	Keypress: right
97.0629 	EXP 	Device response: <KeyPress from None: t=96.91154325002572, value=right, duration=0.148541041999124>
97.4117 	INFO 	Keyboard events cleared
97.4116 	EXP 	grating: autoDraw = True
97.4155 	EXP 	fixation: autoDraw = False
97.6991 	EXP 	grating: autoDraw = False
97.7628 	EXP 	Device response: <KeyPress from None: t=97.75775437499397, value=left, duration=None>
97.7670 	DATA 	Keypress: left
97.7704 	EXP 	fixation: autoDraw = False
97.7704 	EXP 	grating: autoDraw = False
97.7704 	EXP 	grating: ori = np.float64(2.0)
97.7704 	EXP 	fixation: autoDraw = True
97.8294 	EXP 	Device response: <KeyPress from None: t=97.75775437499397, value=left, duration=0.06001050001941621>
98.0795 	EXP 	Device response: <KeyPress from None: t=98.07269612501841, value=right, duration=None>
98.0832 	DATA 	Keypress: right
98.2293 	EXP 	Device response: <KeyPress from None: t=98.07269612501841, value=right, duration=0.15240324998740107>
98.2618 	INFO 	Keyboard events cleared
98.2617 	EXP 	grating: autoDraw = True
98.2655 	EXP 	fixation: autoDraw = False
98.5485 	EXP 	grating: autoDraw = False
98.8294 	EXP 	Device response: <KeyPress from None: t=98.82771008403506, value=right, duration=None>
98.8328 	DATA 	Keypress: right
98.8358 	EXP 	fixation: autoDraw = False
98.8358 	EXP 	grating: autoDraw = False
98.8358 	EXP 	grating: ori = np.float64(-2.0)
98.8358 	EXP 	fixation: autoDraw = True
98.9671 	EXP 	Device response: <KeyPress from None: t=98.82771008403506, value=right, duration=0.1360349579481408>
99.3288 	INFO 	Keyboard events cleared
99.3286 	EXP 	grating: autoDraw = True
99.3338 	EXP 	fixation: autoDraw = False
99.6161 	EXP 	grating: autoDraw = False
99.7461 	EXP 	Device response: <KeyPress from None: t=99.74187508400064, value=left, duration=None>
99.7498 	DATA 	Keypress: left
99.7532 	EXP 	fixation: autoDraw = False
99.7532 	EXP 	grating: autoDraw = False
99.7532 	EXP 	grating: ori = np.float64(-2.0)
99.7532 	EXP 	fixation: autoDraw = True
99.8295 	EXP 	Device response: <KeyPress from None: t=99.74187508400064, value=left, duration=0.08434758300427347>
100.2452 	INFO 	Keyboard events cleared
100.2451 	EXP 	grating: autoDraw = True
100.2490 	EXP 	fixation: autoDraw = False
100.5331 	EXP 	grating: autoDraw = False
100.5963 	EXP 	Device response: <KeyPress from None: t=100.58649029198568, value=left, duration=None>
100.6002 	DATA 	Keypress: left
100.6036 	EXP 	fixation: autoDraw = False
100.6036 	EXP 	grating: autoDraw = False
100.6036 	EXP 	grating: ori = np.float64(-1.5)
100.6036 	EXP 	fixation: autoDraw = True
100.6963 	EXP 	Device response: <KeyPress from None: t=100.58649029198568, value=left, duration=0.10848325002007186>
101.0953 	INFO 	Keyboard events cleared
101.0952 	EXP 	grating: autoDraw = True
101.0999 	EXP 	fixation: autoDraw = False
101.3840 	EXP 	grating: autoDraw = False
101.5461 	EXP 	Device response: <KeyPress from None: t=101.53883325000061, value=left, duration=None>
101.5497 	DATA 	Keypress: left
101.5528 	EXP 	fixation: autoDraw = False
101.5528 	EXP 	grating: autoDraw = False
101.5528 	EXP 	grating: ori = np.float64(1.5)
101.5528 	EXP 	fixation: autoDraw = True
101.6298 	EXP 	Device response: <KeyPress from None: t=101.53883325000061, value=left, duration=0.08828800002811477>
102.0452 	INFO 	Keyboard events cleared
102.0451 	EXP 	grating: autoDraw = True
102.0488 	EXP 	fixation: autoDraw = False
102.2130 	EXP 	Device response: <KeyPress from None: t=102.20889037498273, value=right, duration=None>
102.2172 	DATA 	Keypress: right
102.2205 	EXP 	fixation: autoDraw = False
102.2205 	EXP 	grating: autoDraw = False
102.2205 	EXP 	grating: ori = np.float64(1.5)
102.2205 	EXP 	fixation: autoDraw = True
102.3181 	EXP 	Device response: <KeyPress from None: t=102.20889037498273, value=right, duration=0.10396416700677946>
102.7119 	INFO 	Keyboard events cleared
102.7118 	EXP 	grating: autoDraw = True
102.7155 	EXP 	fixation: autoDraw = False
103.0001 	EXP 	grating: autoDraw = False
103.2131 	EXP 	Device response: <KeyPress from None: t=103.20147479203297, value=right, duration=None>
103.2171 	DATA 	Keypress: right
103.2203 	EXP 	fixation: autoDraw = False
103.2203 	EXP 	grating: autoDraw = False
103.2203 	EXP 	grating: ori = np.float64(1.0)
103.2203 	EXP 	fixation: autoDraw = True
103.3630 	EXP 	Device response: <KeyPress from None: t=103.20147479203297, value=right, duration=0.1524234169628471>
103.7120 	INFO 	Keyboard events cleared
103.7119 	EXP 	grating: autoDraw = True
103.7156 	EXP 	fixation: autoDraw = False
103.9995 	EXP 	grating: autoDraw = False
104.2130 	EXP 	Device response: <KeyPress from None: t=104.20370741700754, value=right, duration=None>
104.2171 	DATA 	Keypress: right
104.2204 	EXP 	fixation: autoDraw = False
104.2204 	EXP 	grating: autoDraw = False
104.2204 	EXP 	grating: ori = np.float64(-1.0)
104.2204 	EXP 	fixation: autoDraw = True
104.3463 	EXP 	Device response: <KeyPress from None: t=104.20370741700754, value=right, duration=0.14038275001803413>
104.7120 	INFO 	Keyboard events cleared
104.7119 	EXP 	grating: autoDraw = True
104.7161 	EXP 	fixation: autoDraw = False
104.9999 	EXP 	grating: autoDraw = False
105.0474 	EXP 	Device response: <KeyPress from None: t=105.03357729199342, value=right, duration=None>
105.0512 	DATA 	Keypress: right
105.0543 	EXP 	fixation: autoDraw = False
105.0543 	EXP 	grating: autoDraw = False
105.0543 	EXP 	grating: ori = np.float64(1.5)
105.0543 	EXP 	fixation: autoDraw = True
105.1462 	EXP 	Device response: <KeyPress from None: t=105.03357729199342, value=right, duration=0.10472175001632422>
105.5455 	INFO 	Keyboard events cleared
105.5453 	EXP 	grating: autoDraw = True
105.5498 	EXP 	fixation: autoDraw = False
105.8297 	EXP 	Device response: <KeyPress from None: t=105.82072241703281, value=left, duration=None>
105.8327 	DATA 	Keypress: left
105.8357 	EXP 	grating: autoDraw = False
105.8357 	EXP 	fixation: autoDraw = False
105.8357 	EXP 	grating: autoDraw = False
105.8358 	EXP 	adaptive staircase experiment : status = STOPPED
105.8657 	INFO 	saved data to '/Users/prishajain/Documents/data/538749_adaptive staircase experiment _2025-09-02_09h26.02.815.csv'
105.8677 	INFO 	saved data to /Users/prishajain/Documents/data/538749_adaptive staircase experiment _2025-09-02_09h26.02.815.psydat
106.0585 	WARNING 	Stopping key buffers but this could be dangerous ifother keyboards rely on the same.
106.0586 	WARNING 	Stopping key buffers but this could be dangerous ifother keyboards rely on the same.
